Archive member included because of file (symbol)

c:/altera/13.1/nios2eds/bin/gnu/h-i686-mingw32/bin/../lib/gcc/nios2-elf/4.7.3/../../../../../H-i686-mingw32/nios2-elf/lib\libstdc++.a(pure.o)
                              obj/default/dtb_hal.o (__cxa_pure_virtual)
c:/altera/13.1/nios2eds/bin/gnu/h-i686-mingw32/bin/../lib/gcc/nios2-elf/4.7.3/../../../../../H-i686-mingw32/nios2-elf/lib\libstdc++.a(class_type_info.o)
                              obj/default/dtb_hal.o (vtable for __cxxabiv1::__class_type_info)
c:/altera/13.1/nios2eds/bin/gnu/h-i686-mingw32/bin/../lib/gcc/nios2-elf/4.7.3/../../../../../H-i686-mingw32/nios2-elf/lib\libstdc++.a(del_opv.o)
                              obj/default/FlashMemory.o (operator delete[](void*))
c:/altera/13.1/nios2eds/bin/gnu/h-i686-mingw32/bin/../lib/gcc/nios2-elf/4.7.3/../../../../../H-i686-mingw32/nios2-elf/lib\libstdc++.a(eh_personality.o)
                              obj/default/pixel_dtb.o (__gxx_personality_sj0)
c:/altera/13.1/nios2eds/bin/gnu/h-i686-mingw32/bin/../lib/gcc/nios2-elf/4.7.3/../../../../../H-i686-mingw32/nios2-elf/lib\libstdc++.a(eh_terminate.o)
                              c:/altera/13.1/nios2eds/bin/gnu/h-i686-mingw32/bin/../lib/gcc/nios2-elf/4.7.3/../../../../../H-i686-mingw32/nios2-elf/lib\libstdc++.a(eh_personality.o) (__cxxabiv1::__terminate(void (*)()))
c:/altera/13.1/nios2eds/bin/gnu/h-i686-mingw32/bin/../lib/gcc/nios2-elf/4.7.3/../../../../../H-i686-mingw32/nios2-elf/lib\libstdc++.a(eh_term_handler.o)
                              c:/altera/13.1/nios2eds/bin/gnu/h-i686-mingw32/bin/../lib/gcc/nios2-elf/4.7.3/../../../../../H-i686-mingw32/nios2-elf/lib\libstdc++.a(eh_terminate.o) (__cxxabiv1::__terminate_handler)
c:/altera/13.1/nios2eds/bin/gnu/h-i686-mingw32/bin/../lib/gcc/nios2-elf/4.7.3/../../../../../H-i686-mingw32/nios2-elf/lib\libstdc++.a(eh_catch.o)
                              c:/altera/13.1/nios2eds/bin/gnu/h-i686-mingw32/bin/../lib/gcc/nios2-elf/4.7.3/../../../../../H-i686-mingw32/nios2-elf/lib\libstdc++.a(eh_personality.o) (__cxa_begin_catch)
c:/altera/13.1/nios2eds/bin/gnu/h-i686-mingw32/bin/../lib/gcc/nios2-elf/4.7.3/../../../../../H-i686-mingw32/nios2-elf/lib\libstdc++.a(del_op.o)
                              obj/default/dtb_hal.o (operator delete(void*))
c:/altera/13.1/nios2eds/bin/gnu/h-i686-mingw32/bin/../lib/gcc/nios2-elf/4.7.3/../../../../../H-i686-mingw32/nios2-elf/lib\libstdc++.a(eh_throw.o)
                              c:/altera/13.1/nios2eds/bin/gnu/h-i686-mingw32/bin/../lib/gcc/nios2-elf/4.7.3/../../../../../H-i686-mingw32/nios2-elf/lib\libstdc++.a(eh_personality.o) (__cxa_throw)
c:/altera/13.1/nios2eds/bin/gnu/h-i686-mingw32/bin/../lib/gcc/nios2-elf/4.7.3/../../../../../H-i686-mingw32/nios2-elf/lib\libstdc++.a(vterminate.o)
                              c:/altera/13.1/nios2eds/bin/gnu/h-i686-mingw32/bin/../lib/gcc/nios2-elf/4.7.3/../../../../../H-i686-mingw32/nios2-elf/lib\libstdc++.a(eh_term_handler.o) (__gnu_cxx::__verbose_terminate_handler())
c:/altera/13.1/nios2eds/bin/gnu/h-i686-mingw32/bin/../lib/gcc/nios2-elf/4.7.3/../../../../../H-i686-mingw32/nios2-elf/lib\libstdc++.a(si_class_type_info.o)
                              obj/default/dtb_hal.o (vtable for __cxxabiv1::__si_class_type_info)
c:/altera/13.1/nios2eds/bin/gnu/h-i686-mingw32/bin/../lib/gcc/nios2-elf/4.7.3/../../../../../H-i686-mingw32/nios2-elf/lib\libstdc++.a(tinfo.o)
                              c:/altera/13.1/nios2eds/bin/gnu/h-i686-mingw32/bin/../lib/gcc/nios2-elf/4.7.3/../../../../../H-i686-mingw32/nios2-elf/lib\libstdc++.a(class_type_info.o) (std::type_info::~type_info())
c:/altera/13.1/nios2eds/bin/gnu/h-i686-mingw32/bin/../lib/gcc/nios2-elf/4.7.3/../../../../../H-i686-mingw32/nios2-elf/lib\libstdc++.a(eh_alloc.o)
                              c:/altera/13.1/nios2eds/bin/gnu/h-i686-mingw32/bin/../lib/gcc/nios2-elf/4.7.3/../../../../../H-i686-mingw32/nios2-elf/lib\libstdc++.a(eh_personality.o) (__cxa_allocate_exception)
c:/altera/13.1/nios2eds/bin/gnu/h-i686-mingw32/bin/../lib/gcc/nios2-elf/4.7.3/../../../../../H-i686-mingw32/nios2-elf/lib\libstdc++.a(new_opv.o)
                              obj/default/FlashMemory.o (operator new[](unsigned int))
c:/altera/13.1/nios2eds/bin/gnu/h-i686-mingw32/bin/../lib/gcc/nios2-elf/4.7.3/../../../../../H-i686-mingw32/nios2-elf/lib\libstdc++.a(eh_type.o)
                              c:/altera/13.1/nios2eds/bin/gnu/h-i686-mingw32/bin/../lib/gcc/nios2-elf/4.7.3/../../../../../H-i686-mingw32/nios2-elf/lib\libstdc++.a(vterminate.o) (__cxa_current_exception_type)
c:/altera/13.1/nios2eds/bin/gnu/h-i686-mingw32/bin/../lib/gcc/nios2-elf/4.7.3/../../../../../H-i686-mingw32/nios2-elf/lib\libstdc++.a(new_op.o)
                              obj/default/pixel_dtb.o (operator new(unsigned int))
c:/altera/13.1/nios2eds/bin/gnu/h-i686-mingw32/bin/../lib/gcc/nios2-elf/4.7.3/../../../../../H-i686-mingw32/nios2-elf/lib\libstdc++.a(functexcept.o)
[...]
Memory Configuration

Name             Origin             Length             Attributes
ram_ext_BEFORE_EXCEPTION 0x00000000         0x00000120
ram_ext          0x00000120         0x07fffee0
reset            0x08000000         0x00000020
epcs_controller  0x08000020         0x000007e0
descriptor_memory 0x08402000         0x00000100
*default*        0x00000000         0xffffffff

Linker script and memory map

LOAD ../dtb_bsp//obj/HAL/src/crt0.o
LOAD obj/default/libfatfs/core/ff.o
LOAD obj/default/libfatfs/src/fatfs.o
LOAD obj/default/libfatfs/src/fatfs_diskio.o
LOAD obj/default/trigger_loops.o
LOAD obj/default/FlashMemory.o
LOAD obj/default/SRecordReader.o
LOAD obj/default/debug.o
LOAD obj/default/dtb_config.o
LOAD obj/default/dtb_hal.o
LOAD obj/default/dtb_main.o
LOAD obj/default/ethernet.o
LOAD obj/default/pixel_dtb.o
LOAD obj/default/roctest.o
LOAD obj/default/rpc.o
LOAD obj/default/rpc_dtb.o
LOAD obj/default/sgdma.o
LOAD obj/default/ugerror.o
LOAD c:/altera/13.1/nios2eds/bin/gnu/h-i686-mingw32/bin/../lib/gcc/nios2-elf/4.7.3/../../../../../H-i686-mingw32/nios2-elf/lib\libstdc++.a
LOAD c:/altera/13.1/nios2eds/bin/gnu/h-i686-mingw32/bin/../lib/gcc/nios2-elf/4.7.3/../../../../../H-i686-mingw32/nios2-elf/lib\libm.a
LOAD c:/altera/13.1/nios2eds/bin/gnu/h-i686-mingw32/bin/../lib/gcc/nios2-elf/4.7.3\libgcc.a
START GROUP
LOAD c:/altera/13.1/nios2eds/bin/gnu/h-i686-mingw32/bin/../lib/gcc/nios2-elf/4.7.3/../../../../../H-i686-mingw32/nios2-elf/lib\libc.a
LOAD c:/altera/13.1/nios2eds/bin/gnu/h-i686-mingw32/bin/../lib/gcc/nios2-elf/4.7.3\libgcc.a
LOAD ../dtb_bsp/\libhal_bsp.a
END GROUP
LOAD c:/altera/13.1/nios2eds/bin/gnu/h-i686-mingw32/bin/../lib/gcc/nios2-elf/4.7.3\libgcc.a
                0x00000000                __alt_mem_ram_ext = 0x0
                0x08000000                __alt_mem_epcs_controller = 0x8000000
                0x08402000                __alt_mem_descriptor_memory = 0x8402000

.entry          0x08000000        0x0
 *(.entry)
 .entry         0x08000000        0x0 ../dtb_bsp//obj/HAL/src/crt0.o
                0x08000000                __reset

.exceptions     0x00000120      0x130
                0x00000120                PROVIDE (__ram_exceptions_start, ABSOLUTE (.))
                0x00000120                . = ALIGN (0x20)
 *(.irq)
 *(.exceptions.entry.label)
 .exceptions.entry.label
                0x00000120        0x0 ../dtb_bsp/\libhal_bsp.a(alt_irq_entry.o)
                0x00000120                alt_irq_entry
 .exceptions.entry.label
                0x00000120        0x0 ../dtb_bsp/\libhal_bsp.a(alt_exception_entry.o)
                0x00000120                alt_exception
 *(.exceptions.entry.user)
 *(.exceptions.entry.ecc_fatal)
 *(.exceptions.entry)
 .exceptions.entry
                0x00000120       0x54 ../dtb_bsp/\libhal_bsp.a(alt_exception_entry.o)
 *(.exceptions.irqtest.user)
 *(.exceptions.irqtest)
 .exceptions.irqtest
                0x00000174       0x10 ../dtb_bsp/\libhal_bsp.a(alt_irq_entry.o)
 *(.exceptions.irqhandler.user)
 *(.exceptions.irqhandler)
 .exceptions.irqhandler
                0x00000184        0x4 ../dtb_bsp/\libhal_bsp.a(alt_irq_entry.o)
 *(.exceptions.irqreturn.user)
 *(.exceptions.irqreturn)
 .exceptions.irqreturn
                0x00000188        0x4 ../dtb_bsp/\libhal_bsp.a(alt_irq_entry.o)
 *(.exceptions.notirq.label)
 .exceptions.notirq.label
                0x0000018c        0x0 ../dtb_bsp/\libhal_bsp.a(alt_irq_entry.o)
 *(.exceptions.notirq.user)
 *(.exceptions.notirq)
 .exceptions.notirq
                0x0000018c        0x8 ../dtb_bsp/\libhal_bsp.a(alt_exception_entry.o)
 *(.exceptions.soft.user)
 *(.exceptions.soft)
 *(.exceptions.unknown.user)
 *(.exceptions.unknown)
 .exceptions.unknown
                0x00000194        0x4 ../dtb_bsp/\libhal_bsp.a(alt_exception_entry.o)
 *(.exceptions.exit.label)
 .exceptions.exit.label
                0x00000198        0x0 ../dtb_bsp/\libhal_bsp.a(alt_irq_entry.o)
 .exceptions.exit.label
                0x00000198        0x0 ../dtb_bsp/\libhal_bsp.a(alt_exception_entry.o)
 *(.exceptions.exit.user)
 *(.exceptions.exit)
 .exceptions.exit
                0x00000198       0x54 ../dtb_bsp/\libhal_bsp.a(alt_exception_entry.o)
 *(.exceptions)
 .exceptions    0x000001ec       0x64 ../dtb_bsp/\libhal_bsp.a(alt_irq_handler.o)
                0x000001ec                alt_irq_handler
                0x00000250                PROVIDE (__ram_exceptions_end, ABSOLUTE (.))
                0x00000120                PROVIDE (__flash_exceptions_start, LOADADDR (.exceptions))

.text           0x00000250    0x46bd4
                0x00000250                PROVIDE (stext, ABSOLUTE (.))
 *(.interp)
 *(.hash)
 *(.dynsym)
 *(.dynstr)
 *(.gnu.version)
 *(.gnu.version_d)
 *(.gnu.version_r)
 *(.rel.init)
 *(.rela.init)
 *(.rel.text .rel.text.* .rel.gnu.linkonce.t.*)
 *(.rela.text .rela.text.* .rela.gnu.linkonce.t.*)
 *(.rel.fini)
 *(.rela.fini)
 *(.rel.rodata .rel.rodata.* .rel.gnu.linkonce.r.*)
 *(.rela.rodata .rela.rodata.* .rela.gnu.linkonce.r.*)
 *(.rel.data .rel.data.* .rel.gnu.linkonce.d.*)
 *(.rela.data .rela.data.* .rela.gnu.linkonce.d.*)
 *(.rel.tdata .rel.tdata.* .rel.gnu.linkonce.td.*)
 *(.rela.tdata .rela.tdata.* .rela.gnu.linkonce.td.*)
 *(.rel.tbss .rel.tbss.* .rel.gnu.linkonce.tb.*)
 *(.rela.tbss .rela.tbss.* .rela.gnu.linkonce.tb.*)
 *(.rel.ctors)
 *(.rela.ctors)
 *(.rel.dtors)
 *(.rela.dtors)
 *(.rel.got)
 *(.rela.got)
 *(.rel.sdata .rel.sdata.* .rel.gnu.linkonce.s.*)
 *(.rela.sdata .rela.sdata.* .rela.gnu.linkonce.s.*)
 *(.rel.sbss .rel.sbss.* .rel.gnu.linkonce.sb.*)
 *(.rela.sbss .rela.sbss.* .rela.gnu.linkonce.sb.*)
 *(.rel.sdata2 .rel.sdata2.* .rel.gnu.linkonce.s2.*)
 *(.rela.sdata2 .rela.sdata2.* .rela.gnu.linkonce.s2.*)
 *(.rel.sbss2 .rel.sbss2.* .rel.gnu.linkonce.sb2.*)
 *(.rela.sbss2 .rela.sbss2.* .rela.gnu.linkonce.sb2.*)
 *(.rel.bss .rel.bss.* .rel.gnu.linkonce.b.*)
 *(.rela.bss .rela.bss.* .rela.gnu.linkonce.b.*)
 *(.rel.plt)
 *(.rela.plt)
 *(.rel.dyn)
 *(.init)
 *(.plt)
 *(.text .stub .text.* .gnu.linkonce.t.*)
 .text          0x00000250       0x48 ../dtb_bsp//obj/HAL/src/crt0.o
                0x00000250                _start
 .text          0x00000298     0x6318 obj/default/libfatfs/core/ff.o
                0x00002540                clust2sect
                0x0000256c                get_fat
                0x00002588                put_fat
                0x000025a4                f_mount
                0x000025d4                f_open
                0x0000298c                f_read
                0x00002da4                f_write
                0x0000320c                f_sync
                0x00003458                f_close
                0x00003484                f_chdrive
                0x000034a0                f_chdir
                0x00003558                f_getcwd
                0x000038c0                f_lseek
                0x00003bdc                f_opendir
                0x00003ca0                f_readdir
                0x00003d64                f_stat
                0x00003df4                f_getfree
                0x000040e8                f_truncate
                0x00004368                f_unlink
                0x00004624                f_mkdir
                0x00004b38                f_chmod
                0x00004c18                f_utime
                0x00004cf4                f_rename
                0x0000505c                f_mkfs
                0x0000583c                f_gets
                0x000058ec                f_putc
                0x00005934                f_puts
                0x000059d8                f_printf
 .text          0x000065b0        0x8 obj/default/libfatfs/src/fatfs.o
                0x000065b0                ffs_Init
 .text          0x000065b8     0x150c obj/default/libfatfs/src/fatfs_diskio.o
                0x00006a40                ffs_DiskIOInit
                0x00006a70                ffs_DiskIOTimerproc
                0x00006ab8                ffs_DiskIOInitialize
                0x00006d98                ffs_DiskIOStatus
                0x00006da0                ffs_DiskIORead
                0x00006fbc                ffs_DiskIOWrite
                0x0000738c                ffs_DiskIOIoctl
                0x00007ab8                get_fattime
 .text          0x00007ac4     0x7598 obj/default/trigger_loops.o
                0x00007ac4                CTestboard::LoopInterruptReset()
                0x00007b64                CTestboard::LoopInterruptStatus()
                0x00007c70                CTestboard::LoopInterruptResume(unsigned short, unsigned char&, unsigned char&, unsigned int&, unsigned char&, unsigned int&, unsigned char&)
                0x00007e78                CTestboard::LoopInterruptStore(unsigned short, unsigned char, unsigned char, unsigned int, unsigned char, unsigned int, unsigned char)
                0x00007f50                CTestboard::GetXtalkRow(unsigned char, bool)
                0x00007f78                CTestboard::CalibratedDAC(unsigned int)
                0x00007f94                CTestboard::SetLoopTriggerDelay(unsigned short)
                0x00007fa8                CTestboard::GetLoopTriggerDelay(unsigned short)
                0x00007ff8                CTestboard::SetI2CAddresses(std::vector<unsigned char, std::allocator<unsigned char> >&)
                0x000080c0                CTestboard::SetTrimValues(unsigned char, std::vector<unsigned char, std::allocator<unsigned char> >&)
                0x000082c8                CTestboard::LoopPixTrim(unsigned char, unsigned char, unsigned char)
                0x000084f4                CTestboard::LoopMultiRocAllPixelsCalibrate(std::vector<unsigned char, std::allocator<unsigned char> >&, unsigned short, unsigned short)
                0x00008e08                CTestboard::LoopMultiRocOnePixelCalibrate(std::vector<unsigned char, std::allocator<unsigned char> >&, unsigned char, unsigned char, unsigned short, unsigned short)
                0x00009384                CTestboard::LoopSingleRocAllPixelsCalibrate(unsigned char, unsigned short, unsigned short)
                0x00009b14                CTestboard::LoopSingleRocOnePixelCalibrate(unsigned char, unsigned char, unsigned char, unsigned short, unsigned short)
                0x00009f84                CTestboard::LoopMultiRocAllPixelsDacScan(std::vector<unsigned char, std::allocator<unsigned char> >&, unsigned short, unsigned short, unsigned char, unsigned char, unsigned char, unsigned char)
                0x0000aa3c                CTestboard::LoopMultiRocAllPixelsDacScan(std::vector<unsigned char, std::allocator<unsigned char> >&, unsigned short, unsigned short, unsigned char, unsigned char, unsigned char)
                0x0000aa7c                CTestboard::LoopMultiRocOnePixelDacScan(std::vector<unsigned char, std::allocator<unsigned char> >&, unsigned char, unsigned char, unsigned short, unsigned short, unsigned char, unsigned char, unsigned char, unsigned char)
                0x0000b3fc                CTestboard::LoopMultiRocOnePixelDacScan(std::vector<unsigned char, std::allocator<unsigned char> >&, unsigned char, unsigned char, unsigned short, unsigned short, unsigned char, unsigned char, unsigned char)
                0x0000b44c                CTestboard::LoopSingleRocAllPixelsDacScan(unsigned char, unsigned short, unsigned short, unsigned char, unsigned char, unsigned char, unsigned char)
                0x0000bcc0                CTestboard::LoopSingleRocAllPixelsDacScan(unsigned char, unsigned short, unsigned short, unsigned char, unsigned char, unsigned char)
                0x0000bd04                CTestboard::LoopSingleRocOnePixelDacScan(unsigned char, unsigned char, unsigned char, unsigned short, unsigned short, unsigned char, unsigned char, unsigned char, unsigned char)
                0x0000c518                CTestboard::LoopSingleRocOnePixelDacScan(unsigned char, unsigned char, unsigned char, unsigned short, unsigned short, unsigned char, unsigned char, unsigned char)
                0x0000c56c                CTestboard::LoopMultiRocAllPixelsDacDacScan(std::vector<unsigned char, std::allocator<unsigned char> >&, unsigned short, unsigned short, unsigned char, unsigned char, unsigned char, unsigned char, unsigned char, unsigned char, unsigned char, unsigned char)
                0x0000d194                CTestboard::LoopMultiRocAllPixelsDacDacScan(std::vector<unsigned char, std::allocator<unsigned char> >&, unsigned short, unsigned short, unsigned char, unsigned char, unsigned char, unsigned char, unsigned char, unsigned char)
                0x0000d1f0                CTestboard::LoopMultiRocOnePixelDacDacScan(std::vector<unsigned char, std::allocator<unsigned char> >&, unsigned char, unsigned char, unsigned short, unsigned short, unsigned char, unsigned char, unsigned char, unsigned char, unsigned char, unsigned char, unsigned char, unsigned char)
                0x0000dcb8                CTestboard::LoopMultiRocOnePixelDacDacScan(std::vector<unsigned char, std::allocator<unsigned char> >&, unsigned char, unsigned char, unsigned short, unsigned short, unsigned char, unsigned char, unsigned char, unsigned char, unsigned char, unsigned char)
                0x0000dd24                CTestboard::LoopSingleRocAllPixelsDacDacScan(unsigned char, unsigned short, unsigned short, unsigned char, unsigned char, unsigned char, unsigned char, unsigned char, unsigned char, unsigned char, unsigned char)
                0x0000e6ac                CTestboard::LoopSingleRocAllPixelsDacDacScan(unsigned char, unsigned short, unsigned short, unsigned char, unsigned char, unsigned char, unsigned char, unsigned char, unsigned char)
                0x0000e70c                CTestboard::LoopSingleRocOnePixelDacDacScan(unsigned char, unsigned char, unsigned char, unsigned short, unsigned short, unsigned char, unsigned char, unsigned char, unsigned char, unsigned char, unsigned char, unsigned char, unsigned char)
                0x0000efec                CTestboard::LoopSingleRocOnePixelDacDacScan(unsigned char, unsigned char, unsigned char, unsigned short, unsigned short, unsigned char, unsigned char, unsigned char, unsigned char, unsigned char, unsigned char)
 .text          0x0000f05c      0x2c8 obj/default/FlashMemory.o
                0x0000f05c                CFlashMemory::Assign(unsigned long)
                0x0000f0ec                CFlashMemory::Set(unsigned long, unsigned long)
                0x0000f130                CFlashMemory::Set(unsigned long, unsigned long, unsigned long*)
                0x0000f198                CFlashMemory::WriteFlash()
 .text          0x0000f324      0xf90 obj/default/SRecordReader.o
                0x0000f324                CSRecordReader::GetHeader(char const*&)
                0x0000f374                CSRecordReader::GetHex1(char const*&)
                0x0000f42c                CSRecordReader::GetHex2(char const*&)
                0x0000f604                CSRecordReader::GetHex4(char const*&)
                0x0000f948                CSRecordReader::GetHex8(char const*&)
                0x0000ff94                CSRecordReader::Read(char const*)
                0x00010244                CSRecordReader::Translate(char const*, CFlashMemory&)
 .text          0x000102b4      0x328 obj/default/debug.o
                0x000102b4                Dump(unsigned char*, unsigned int)
                0x00010338                check_epcs()
                0x00010474                epcs_write(unsigned char*, unsigned int, unsigned int)
 .text          0x000105dc      0x384 obj/default/dtb_config.o
                0x000105dc                DTB_CONFIG::Init()
                0x00010654                DTB_CONFIG::GetInt(char*)
                0x00010658                DTB_CONFIG::GetULL(char*, int)
                0x00010664                DTB_CONFIG::GetString(char*)
                0x000106c4                DTB_CONFIG::Read(char const*)
 .text._ZN10DTB_CONFIGD2Ev
                0x00010960       0xd0 obj/default/dtb_config.o
                0x00010960                DTB_CONFIG::~DTB_CONFIG()
                0x00010960                DTB_CONFIG::~DTB_CONFIG()
 .text.startup  0x00010a30       0x24 obj/default/dtb_config.o
 .text.exit     0x00010a54        0xc obj/default/dtb_config.o
 .text          0x00010a60      0x44c obj/default/dtb_hal.o
                0x00010a60                CUSB::Flush()
                0x00010a8c                CUSB::Write(void const*, unsigned int)
                0x00010aac                CUSB::Reset()
                0x00010ab4                CUSB::Read(void*, unsigned int)
                0x00010ba8                I2C_Main_Init()
                0x00010bdc                I2C_External_Init()
                0x00010c10                I2C_EEPROM_Write(unsigned char, unsigned char const*, unsigned char)
                0x00010ce0                I2C_EEPROM_Read(unsigned char*, unsigned char)
                0x00010d6c                Adv3224Init()
                0x00010de0                CUSB::ReadByte(unsigned char&)
 .text._ZN6CRpcIoD2Ev
                0x00010eac       0x10 obj/default/dtb_hal.o
                0x00010eac                CRpcIo::~CRpcIo()
                0x00010eac                CRpcIo::~CRpcIo()
 .text._ZN4CUSBD2Ev
                0x00010ebc       0x10 obj/default/dtb_hal.o
                0x00010ebc                CUSB::~CUSB()
                0x00010ebc                CUSB::~CUSB()
 .text._ZN4CUSB6RxFullEv
                0x00010ecc       0x18 obj/default/dtb_hal.o
                0x00010ecc                CUSB::RxFull()
 .text._ZN4CUSBD0Ev
                0x00010ee4       0x10 obj/default/dtb_hal.o
                0x00010ee4                CUSB::~CUSB()
 .text._ZN6CRpcIoD0Ev
                0x00010ef4       0x10 obj/default/dtb_hal.o
                0x00010ef4                CRpcIo::~CRpcIo()
 .text          0x00010f04        0x0 obj/default/dtb_main.o
 .text.startup  0x00010f04       0x74 obj/default/dtb_main.o
                0x00010f04                main
 .text.exit     0x00010f78       0x18 obj/default/dtb_main.o
 .text          0x00010f90      0x288 obj/default/ethernet.o
                0x00010f90                rx_ethernet_isr(void*)
                0x00011000                CTestboard::Ethernet_Init()
                0x00011124                CTestboard::Ethernet_Send(std::string&)
                0x00011210                CTestboard::Ethernet_RecvPackets()
 .text          0x00011218     0xc208 obj/default/pixel_dtb.o
                0x0001143c                CTestboard::GetRpcVersion()
                0x00011444                CTestboard::GetRpcCallId(std::string&)
                0x0001144c                CTestboard::GetRpcTimestamp(std::string&)
                0x00011490                CTestboard::GetRpcCallCount()
                0x000114a0                CTestboard::GetRpcCallName(int, std::string&)
                0x00011534                CTestboard::GetRpcCallHash()
                0x000115bc                CTestboard::GetHashForString(char const*)
                0x00011608                CTestboard::GetInfo(std::string&)
                0x000117e8                CTestboard::GetBoardId()
                0x000117f8                CTestboard::GetHWVersion(std::string&)
                0x00011808                CTestboard::GetFWVersion()
                0x00011810                CTestboard::GetSWVersion()
                0x00011818                CTestboard::Welcome()
                0x00011a20                CTestboard::SetLed(unsigned char)
                0x00011a34                CTestboard::ToggleLed(unsigned char, bool)
                0x00011a84                CTestboard::UpgradeGetVersion()
                0x00011a8c                CTestboard::UpgradeStart(unsigned short)
                0x00011b18                CTestboard::UpgradeData(std::string&)
                0x00011bd0                CTestboard::UpgradeError()
                0x00011be0                CTestboard::UpgradeErrorMsg(std::string&)
                0x00011c2c                CTestboard::UpgradeExec(unsigned short)
                0x00011cb8                CTestboard::cDelay(unsigned short)
                0x00011cd0                CTestboard::uDelay(unsigned short)
                0x00011cd8                CTestboard::mDelay(unsigned short)
                0x00011d1c                CTestboard::SetClockSource(unsigned char)
                0x00011e40                CTestboard::IsClockPresent()
                0x00011e58                CTestboard::SetClock_(unsigned char)
                0x00011e74                CTestboard::SetClock(unsigned char)
                0x00011ea4                CTestboard::SetClockStretch(unsigned char, unsigned short, unsigned short)
                0x00011f30                CTestboard::Sig_SetDelay(unsigned char, unsigned short, char)
                0x00012098                CTestboard::Sig_SetMode(unsigned char, unsigned char)
                0x00012124                CTestboard::Sig_SetPRBS(unsigned char, unsigned char)
                0x00012188                CTestboard::Sig_SetLevel(unsigned char, unsigned char)
                0x0001221c                CTestboard::Sig_SetOffset(unsigned char)
                0x00012260                CTestboard::Sig_Off()
                0x000122f8                CTestboard::Sig_Restore()
                0x000123a4                CTestboard::Sig_SetLVDS()
                0x000123d8                CTestboard::Sig_SetLCDS()
                0x0001240c                CTestboard::Sig_SetRdaToutDelay(unsigned char)
                0x0001243c                CTestboard::Pon()
                0x000128d4                CTestboard::Poff()
                0x00012f94                CTestboard::Init()
                0x00013a3c                CTestboard::CTestboard()
                0x00013a3c                CTestboard::CTestboard()
                0x00013b80                CTestboard::_SetVD(unsigned short)
                0x00013c58                CTestboard::_SetVA(unsigned short)
                0x00013d2c                CTestboard::_GetVD()
                0x00013e5c                CTestboard::_GetVA()
                0x00013f8c                CTestboard::_SetID(unsigned short)
                0x0001404c                CTestboard::_SetIA(unsigned short)
                0x0001410c                CTestboard::_GetID()
                0x0001423c                CTestboard::_GetIA()
                0x0001436c                CTestboard::mV_to_DAC(int)
                0x000143ac                CTestboard::uA100_to_DAC(int)
                0x000143d4                CTestboard::ADC_to_mV(unsigned int)
                0x000143e4                CTestboard::ADC_to_uA100(unsigned int)
                0x000143f4                CTestboard::InitDac()
                0x00014480                CTestboard::SetDac(int, int)
                0x00014520                CTestboard::GetADC(unsigned char)
                0x0001464c                CTestboard::ReadADC(unsigned char)
                0x00014778                CTestboard::HVon()
                0x0001479c                CTestboard::HVoff()
                0x000147c0                CTestboard::ResetOn()
                0x000147e4                CTestboard::ResetOff()
                0x00014808                CTestboard::GetStatus()
                0x00014818                CTestboard::SetRocAddress(unsigned char)
                0x0001482c                CTestboard::SignalProbeD1(unsigned char)
                0x0001483c                CTestboard::SignalProbeD2(unsigned char)
                0x0001484c                CTestboard::SignalProbeA1(unsigned char)
                0x000148d4                CTestboard::SignalProbeA2(unsigned char)
                0x0001495c                CTestboard::SignalProbeADC(unsigned char, unsigned char)
                0x00014ad4                CTestboard::Pg_SetCmd(unsigned short, unsigned short)
                0x00014afc                CTestboard::Pg_SetCmdAll(std::vector<unsigned short, std::allocator<unsigned short> >&)
                0x00014b5c                CTestboard::Pg_SetSum(unsigned short)
                0x00014b64                CTestboard::Pg_Stop()
                0x00014b74                CTestboard::Pg_Single()
                0x00014b8c                CTestboard::Pg_Trigger()
                0x00014ba4                CTestboard::Pg_Triggers(unsigned int, unsigned short)
                0x00014c28                CTestboard::Pg_Loop(unsigned short)
                0x00014c50                CTestboard::roc_I2cAddr(unsigned char)
                0x00014c8c                CTestboard::roc_ClrCal()
                0x00014d08                CTestboard::roc_SetDAC(unsigned char, unsigned char)
                0x00014d9c                CTestboard::roc_Pix(unsigned char, unsigned char, unsigned char)
                0x00014e58                CTestboard::roc_Pix_Trim(unsigned char, unsigned char, unsigned char)
                0x00014f18                CTestboard::roc_Pix_Mask(unsigned char, unsigned char)
                0x00014fd4                CTestboard::roc_Pix_Cal(unsigned char, unsigned char, bool)
                0x00015104                CTestboard::roc_Col_Enable(unsigned char, bool)
                0x000151b8                CTestboard::roc_Col_Mask(unsigned char)
                0x000152f4                CTestboard::roc_Chip_Mask()
                0x000154c4                CTestboard::TBM_Present()
                0x000154cc                CTestboard::tbm_Enable(bool)
                0x000154e0                CTestboard::tbm_Addr(unsigned char, unsigned char)
                0x000154fc                CTestboard::mod_Addr(unsigned char)
                0x00015510                CTestboard::tbm_Set(unsigned char, unsigned char)
                0x00015568                CTestboard::tbm_GetRaw(unsigned char, unsigned int&)
                0x00015640                CTestboard::tbm_Get(unsigned char, unsigned char&)
                0x0001574c                CTestboard::LLD_Write(unsigned char, unsigned char)
                0x000157a8                CTestboard::LLD_Read(unsigned char)
                0x00015804                CTestboard::Daq_FillLevel(unsigned char)
                0x0001592c                CTestboard::Daq_FillLevel()
                0x00015d74                CTestboard::Daq_Open(unsigned int, unsigned char)
                0x00015d8c                CTestboard::Daq_Close(unsigned char)
                0x00015ed0                CTestboard::Daq_Start(unsigned char)
                0x00015f34                CTestboard::Daq_Stop(unsigned char)
                0x00015f98                CTestboard::Daq_GetSize(unsigned char)
                0x0001603c                CTestboard::Daq_Read(HWvector<unsigned short>&, unsigned int, unsigned int&, unsigned char)
                0x000161dc                CTestboard::Daq_Read(HWvector<unsigned short>&, unsigned int, unsigned char)
                0x00016200                CTestboard::Daq_Read_DeleteData(unsigned int, int)
                0x00016208                CTestboard::Daq_Select_ADC(unsigned short, unsigned char, unsigned char, unsigned char)
                0x00016310                CTestboard::Daq_DeselectAll()
                0x0001637c                CTestboard::Daq_Select_Deser160(unsigned char)
                0x000163e8                CTestboard::Daq_Select_Deser400()
                0x00016478                CTestboard::Daq_Deser400_OldFormat(bool)
                0x000164c4                CTestboard::Daq_Deser400_Reset(unsigned char)
                0x0001650c                CTestboard::Daq_Select_Datagenerator(unsigned short)
                0x0001658c                CTestboard::GetPixelAddressInverted()
                0x00016594                CTestboard::SetPixelAddressInverted(bool)
                0x0001659c                CTestboard::DecodePixel(std::vector<unsigned short, std::allocator<unsigned short> >&, short&, short&, short&, short&, short&)
                0x00016798                CTestboard::Daq_Enable2(int)
                0x000168ec                CTestboard::Daq_Disable2()
                0x00016b28                CTestboard::TrimChip(std::vector<short, std::allocator<short> >&)
                0x00016cc8                CTestboard::DecodeTbmHeader(unsigned int, short&, short&)
                0x00016cdc                CTestboard::DecodeTbmTrailer(unsigned int, short&, short&)
                0x00016cf4                CTestboard::DecodePixel(unsigned int, short&, short&, short&, short&)
                0x00016d9c                CTestboard::TriggerRow(short, short, std::vector<short, std::allocator<short> >&, short)
                0x000172c4                CTestboard::VectorTest(std::vector<unsigned short, std::allocator<unsigned short> >&, std::vector<unsigned short, std::allocator<unsigned short> >&)
                0x0001731c                CTestboard::DecodeReadout(std::vector<unsigned short, std::allocator<unsigned short> >&, short&, std::vector<unsigned short, std::allocator<unsigned short> >&, std::vector<unsigned short, std::allocator<unsigned short> >&, std::vector<unsigned short, std::allocator<unsigned short> >&)
                0x000175d4                CTestboard::Decode(std::vector<unsigned short, std::allocator<unsigned short> > const&, std::vector<unsigned short, std::allocator<unsigned short> >&, std::vector<unsigned short, std::allocator<unsigned short> >&, std::vector<unsigned int, std::allocator<unsigned int> >&, unsigned char)
                0x00017d78                CTestboard::Daq_Read(std::vector<unsigned short, std::allocator<unsigned short> >&, unsigned int, unsigned int&, unsigned char)
                0x00017da0                CTestboard::CountReadouts(int)
                0x00018004                CTestboard::CountReadouts(int, int, int)
                0x00018098                CTestboard::CountReadouts(int, int)
                0x000180d4                CTestboard::Threshold(int, int, int, int, int)
                0x00018384                CTestboard::PixelThreshold(int, int, int, int, int, int, int, bool, bool)
                0x000188d8                CTestboard::ThresholdMap(int, int, bool, bool, bool, std::vector<short, std::allocator<short> >&)
                0x00019aa4                CTestboard::ChipThresholdIntern(int*, int, int, int, int, bool, bool, int*)
                0x0001a25c                CTestboard::test_pixel_address(int, int)
                0x0001a978                CTestboard::PH(int, int, int, short)
                0x0001b114                CTestboard::Daq_Read(std::vector<unsigned short, std::allocator<unsigned short> >&, unsigned int, unsigned char)
                0x0001b158                CTestboard::Daq_Read2(std::vector<unsigned short, std::allocator<unsigned short> >&, unsigned short, unsigned int&)
                0x0001b2c0                CTestboard::CalibrateReadouts(short, short&, int&)
                0x0001b59c                CTestboard::CalibratePixel(short, short, short, short&, int&)
                0x0001bb38                CTestboard::CalibrateDacDacScan(short, short, short, short, short, short, short, short, short, std::vector<short, std::allocator<short> >&, std::vector<int, std::allocator<int> >&)
                0x0001c2c4                CTestboard::CalibrateDacScan(short, short, short, short, short, short, std::vector<short, std::allocator<short> >&, std::vector<int, std::allocator<int> >&)
                0x0001c9a8                CTestboard::CalibrateMap(short, std::vector<short, std::allocator<short> >&, std::vector<int, std::allocator<int> >&, std::vector<unsigned int, std::allocator<unsigned int> >&)
 .text._ZNSt6vectorItSaItEE7reserveEj
                0x0001d420       0xe8 obj/default/pixel_dtb.o
                0x0001d420                std::vector<unsigned short, std::allocator<unsigned short> >::reserve(unsigned int)
 .text._ZNSt6vectorItSaItEED2Ev
                0x0001d508       0x10 obj/default/pixel_dtb.o
                0x0001d508                std::vector<unsigned short, std::allocator<unsigned short> >::~vector()
                0x0001d508                std::vector<unsigned short, std::allocator<unsigned short> >::~vector()
 .text._ZNSt6vectorIjSaIjEED2Ev
                0x0001d518       0x10 obj/default/pixel_dtb.o
                0x0001d518                std::vector<unsigned int, std::allocator<unsigned int> >::~vector()
                0x0001d518                std::vector<unsigned int, std::allocator<unsigned int> >::~vector()
 .text._ZNSt6vectorItSaItEEaSERKS1_
                0x0001d528      0x174 obj/default/pixel_dtb.o
                0x0001d528                std::vector<unsigned short, std::allocator<unsigned short> >::operator=(std::vector<unsigned short, std::allocator<unsigned short> > const&)
 .text._ZNSt6vectorItSaItEE13_M_insert_auxEN9__gnu_cxx17__normal_iteratorIPtS1_EERKt
                0x0001d69c      0x18c obj/default/pixel_dtb.o
                0x0001d69c                std::vector<unsigned short, std::allocator<unsigned short> >::_M_insert_aux(__gnu_cxx::__normal_iterator<unsigned short*, std::vector<unsigned short, std::allocator<unsigned short> > >, unsigned short const&)
 .text._ZNSt6vectorIjSaIjEE13_M_insert_auxEN9__gnu_cxx17__normal_iteratorIPjS1_EERKj
                0x0001d828      0x1a8 obj/default/pixel_dtb.o
                0x0001d828                std::vector<unsigned int, std::allocator<unsigned int> >::_M_insert_aux(__gnu_cxx::__normal_iterator<unsigned int*, std::vector<unsigned int, std::allocator<unsigned int> > >, unsigned int const&)
 .text._ZNSt6vectorIsSaIsEE13_M_insert_auxEN9__gnu_cxx17__normal_iteratorIPsS1_EERKs
                0x0001d9d0      0x18c obj/default/pixel_dtb.o
                0x0001d9d0                std::vector<short, std::allocator<short> >::_M_insert_aux(__gnu_cxx::__normal_iterator<short*, std::vector<short, std::allocator<short> > >, short const&)
 .text._ZNSt6vectorIiSaIiEE13_M_insert_auxEN9__gnu_cxx17__normal_iteratorIPiS1_EERKi
                0x0001db5c      0x1a8 obj/default/pixel_dtb.o
                0x0001db5c                std::vector<int, std::allocator<int> >::_M_insert_aux(__gnu_cxx::__normal_iterator<int*, std::vector<int, std::allocator<int> > >, int const&)
 .text._ZNSt6vectorItSaItEE15_M_range_insertIPtEEvN9__gnu_cxx17__normal_iteratorIS3_S1_EET_S7_St20forward_iterator_tag
                0x0001dd04      0x2b0 obj/default/pixel_dtb.o
                0x0001dd04                void std::vector<unsigned short, std::allocator<unsigned short> >::_M_range_insert<unsigned short*>(__gnu_cxx::__normal_iterator<unsigned short*, std::vector<unsigned short, std::allocator<unsigned short> > >, unsigned short*, unsigned short*, std::forward_iterator_tag)
 .text._ZNSt6vectorItSaItEE15_M_range_insertIN9__gnu_cxx17__normal_iteratorIPtS1_EEEEvS6_T_S7_St20forward_iterator_tag
                0x0001dfb4      0x2b0 obj/default/pixel_dtb.o
                0x0001dfb4                void std::vector<unsigned short, std::allocator<unsigned short> >::_M_range_insert<__gnu_cxx::__normal_iterator<unsigned short*, std::vector<unsigned short, std::allocator<unsigned short> > > >(__gnu_cxx::__normal_iterator<unsigned short*, std::vector<unsigned short, std::allocator<unsigned short> > >, __gnu_cxx::__normal_iterator<unsigned short*, std::vector<unsigned short, std::allocator<unsigned short> > >, __gnu_cxx::__normal_iterator<unsigned short*, std::vector<unsigned short, std::allocator<unsigned short> > >, std::forward_iterator_tag)
 .text._ZNSt6vectorIsSaIsEE14_M_fill_insertEN9__gnu_cxx17__normal_iteratorIPsS1_EEjRKs
                0x0001e264      0x4c0 obj/default/pixel_dtb.o
                0x0001e264                std::vector<short, std::allocator<short> >::_M_fill_insert(__gnu_cxx::__normal_iterator<short*, std::vector<short, std::allocator<short> > >, unsigned int, short const&)
 .text._ZNSt6vectorIiSaIiEE14_M_fill_insertEN9__gnu_cxx17__normal_iteratorIPiS1_EEjRKi
                0x0001e724      0x2a0 obj/default/pixel_dtb.o
                0x0001e724                std::vector<int, std::allocator<int> >::_M_fill_insert(__gnu_cxx::__normal_iterator<int*, std::vector<int, std::allocator<int> > >, unsigned int, int const&)
 .text._ZNSt6vectorIjSaIjEE14_M_fill_insertEN9__gnu_cxx17__normal_iteratorIPjS1_EEjRKj
                0x0001e9c4      0x2a0 obj/default/pixel_dtb.o
                0x0001e9c4                std::vector<unsigned int, std::allocator<unsigned int> >::_M_fill_insert(__gnu_cxx::__normal_iterator<unsigned int*, std::vector<unsigned int, std::allocator<unsigned int> > >, unsigned int, unsigned int const&)
 .text          0x0001ec64      0x580 obj/default/roctest.o
                0x0001ec64                PixelFired(std::vector<unsigned short, std::allocator<unsigned short> > const&, unsigned int&)
                0x0001ed08                GetPixel(unsigned int)
                0x0001eefc                FindLevel()
                0x0001efdc                test_PUC(unsigned char, unsigned char, unsigned char)
                0x0001f064                CTestboard::TestColPixel(unsigned char, unsigned char, bool, std::vector<unsigned char, std::allocator<unsigned char> >&)
 .text._ZNSt6vectorIhSaIhEE13_M_insert_auxEN9__gnu_cxx17__normal_iteratorIPhS1_EERKh
                0x0001f1e4      0x170 obj/default/roctest.o
                0x0001f1e4                std::vector<unsigned char, std::allocator<unsigned char> >::_M_insert_aux(__gnu_cxx::__normal_iterator<unsigned char*, std::vector<unsigned char, std::allocator<unsigned char> > >, unsigned char const&)
 .text          0x0001f354      0x9f8 obj/default/rpc.o
                0x0001f354                rpc_GetRpcCallId(std::string&)
                0x0001f3f8                rpcMessage::SendCmd()
                0x0001f444                rpcMessage::RecvCmd()
                0x0001f684                rpcMessage::SendDat(unsigned int&, void const*, unsigned int)
                0x0001f714                rpcMessage::RecvDat()
                0x0001f928                rpcMessage::RecvString(std::string&)
                0x0001fc5c                rpcMessage::DataSink(unsigned int)
 .text.startup  0x0001fd4c        0x8 obj/default/rpc.o
 .text          0x0001fd54     0x8330 obj/default/rpc_dtb.o
                0x0001fd54                rpc__LoopInterruptReset$v(rpcMessage&)
                0x0001fdac                rpc__roc_Chip_Mask$v(rpcMessage&)
                0x0001fe04                rpc__roc_ClrCal$v(rpcMessage&)
                0x0001fe5c                rpc__Daq_DeselectAll$v(rpcMessage&)
                0x0001feb4                rpc__Daq_Select_Deser400$v(rpcMessage&)
                0x0001ff0c                rpc__Pg_Trigger$v(rpcMessage&)
                0x0001ff64                rpc__Pg_Single$v(rpcMessage&)
                0x0001ffbc                rpc__Pg_Stop$v(rpcMessage&)
                0x00020014                rpc__ResetOff$v(rpcMessage&)
                0x0002006c                rpc__ResetOn$v(rpcMessage&)
                0x000200c4                rpc__HVoff$v(rpcMessage&)
                0x0002011c                rpc__HVon$v(rpcMessage&)
                0x00020174                rpc__Poff$v(rpcMessage&)
                0x000201cc                rpc__Pon$v(rpcMessage&)
                0x00020224                rpc__Sig_SetLCDS$v(rpcMessage&)
                0x0002027c                rpc__Sig_SetLVDS$v(rpcMessage&)
                0x000202d4                rpc__Welcome$v(rpcMessage&)
                0x0002032c                rpc__Init$v(rpcMessage&)
                0x00020384                rpc__LLD_Write$vCC(rpcMessage&)
                0x000203f4                rpc__tbm_Set$vCC(rpcMessage&)
                0x00020464                rpc__mod_Addr$vC(rpcMessage&)
                0x000204cc                rpc__tbm_Addr$vCC(rpcMessage&)
                0x0002053c                rpc__roc_Col_Mask$vC(rpcMessage&)
                0x000205a4                rpc__roc_Pix_Mask$vCC(rpcMessage&)
                0x00020614                rpc__roc_Pix_Trim$vCCC(rpcMessage&)
                0x0002068c                rpc__roc_Pix$vCCC(rpcMessage&)
                0x00020704                rpc__roc_SetDAC$vCC(rpcMessage&)
                0x00020774                rpc__roc_I2cAddr$vC(rpcMessage&)
                0x000207dc                rpc__Daq_Deser400_Reset$vC(rpcMessage&)
                0x00020844                rpc__Daq_Select_Deser160$vC(rpcMessage&)
                0x000208ac                rpc__Daq_Stop$vC(rpcMessage&)
                0x00020914                rpc__Daq_Start$vC(rpcMessage&)
                0x0002097c                rpc__Daq_Close$vC(rpcMessage&)
                0x000209e4                rpc__SetRocAddress$vC(rpcMessage&)
                0x00020a4c                rpc__SignalProbeADC$vCC(rpcMessage&)
                0x00020abc                rpc__SignalProbeA2$vC(rpcMessage&)
                0x00020b24                rpc__SignalProbeA1$vC(rpcMessage&)
                0x00020b8c                rpc__SignalProbeD2$vC(rpcMessage&)
                0x00020bf4                rpc__SignalProbeD1$vC(rpcMessage&)
                0x00020c5c                rpc__Sig_SetRdaToutDelay$vC(rpcMessage&)
                0x00020cc4                rpc__Sig_SetOffset$vC(rpcMessage&)
                0x00020d2c                rpc__Sig_SetLevel$vCC(rpcMessage&)
                0x00020d9c                rpc__Sig_SetPRBS$vCC(rpcMessage&)
                0x00020e0c                rpc__Sig_SetMode$vCC(rpcMessage&)
                0x00020e7c                rpc__SetClock$vC(rpcMessage&)
                0x00020ee4                rpc__SetClockSource$vC(rpcMessage&)
                0x00020f4c                rpc__SetLed$vC(rpcMessage&)
                0x00020fb4                rpc__SetPixelAddressInverted$vb(rpcMessage&)
                0x0002101c                rpc__tbm_Enable$vb(rpcMessage&)
                0x00021084                rpc__roc_Col_Enable$vCb(rpcMessage&)
                0x000210f4                rpc__roc_Pix_Cal$vCCb(rpcMessage&)
                0x0002116c                rpc__Daq_Deser400_OldFormat$vb(rpcMessage&)
                0x000211d4                rpc__SetLoopTriggerDelay$vS(rpcMessage&)
                0x00021248                rpc__Daq_Select_Datagenerator$vS(rpcMessage&)
                0x000212bc                rpc__Daq_Select_ADC$vSCCC(rpcMessage&)
                0x00021348                rpc__Pg_Loop$vS(rpcMessage&)
                0x000213bc                rpc__Pg_SetSum$vS(rpcMessage&)
                0x00021430                rpc__Pg_SetCmd$vSS(rpcMessage&)
                0x000214b8                rpc___SetIA$vS(rpcMessage&)
                0x0002152c                rpc___SetID$vS(rpcMessage&)
                0x000215a0                rpc___SetVA$vS(rpcMessage&)
                0x00021614                rpc___SetVD$vS(rpcMessage&)
                0x00021688                rpc__Sig_SetDelay$vCSc(rpcMessage&)
                0x00021714                rpc__SetClockStretch$vCSS(rpcMessage&)
                0x000217a4                rpc__uDelay$vS(rpcMessage&)
                0x00021818                rpc__cDelay$vS(rpcMessage&)
                0x0002188c                rpc__UpgradeExec$vS(rpcMessage&)
                0x00021900                rpc__GetADC$SC(rpcMessage&)
                0x000219c8                rpc__LoopSingleRocOnePixelDacDacScan$bCCCSSCCCCCCCC(rpcMessage&)
                0x00021b28                rpc__LoopSingleRocOnePixelDacDacScan$bCCCSSCCCCCC(rpcMessage&)
                0x00021c68                rpc__LoopSingleRocAllPixelsDacDacScan$bCSSCCCCCCCC(rpcMessage&)
                0x00021da0                rpc__LoopSingleRocAllPixelsDacDacScan$bCSSCCCCCC(rpcMessage&)
                0x00021ec4                rpc__LoopSingleRocOnePixelDacScan$bCCCSSCCCC(rpcMessage&)
                0x00021ff0                rpc__LoopSingleRocOnePixelDacScan$bCCCSSCCC(rpcMessage&)
                0x00022118                rpc__LoopSingleRocAllPixelsDacScan$bCSSCCCC(rpcMessage&)
                0x00022230                rpc__LoopSingleRocAllPixelsDacScan$bCSSCCC(rpcMessage&)
                0x00022340                rpc__LoopSingleRocOnePixelCalibrate$bCCCSS(rpcMessage&)
                0x00022450                rpc__LoopSingleRocAllPixelsCalibrate$bCSS(rpcMessage&)
                0x00022548                rpc__LLD_Read$CC(rpcMessage&)
                0x00022618                rpc__GetPixelAddressInverted$b(rpcMessage&)
                0x000226d8                rpc__tbm_Get$bC0C(rpcMessage&)
                0x000227ac                rpc__TBM_Present$b(rpcMessage&)
                0x0002286c                rpc__Daq_FillLevel$C(rpcMessage&)
                0x0002292c                rpc__Daq_FillLevel$CC(rpcMessage&)
                0x000229fc                rpc__GetStatus$C(rpcMessage&)
                0x00022abc                rpc___GetIA$S(rpcMessage&)
                0x00022b74                rpc___GetID$S(rpcMessage&)
                0x00022c2c                rpc___GetVA$S(rpcMessage&)
                0x00022ce4                rpc___GetVD$S(rpcMessage&)
                0x00022d9c                rpc__IsClockPresent$b(rpcMessage&)
                0x00022e5c                rpc__UpgradeError$C(rpcMessage&)
                0x00022f1c                rpc__UpgradeStart$CS(rpcMessage&)
                0x00022ff8                rpc__UpgradeGetVersion$S(rpcMessage&)
                0x000230b0                rpc__GetSWVersion$S(rpcMessage&)
                0x00023168                rpc__GetFWVersion$S(rpcMessage&)
                0x00023220                rpc__GetBoardId$S(rpcMessage&)
                0x000232d8                rpc__GetRpcVersion$S(rpcMessage&)
                0x00023390                rpc__Pg_Triggers$vIS(rpcMessage&)
                0x00023430                rpc__CalibratePixel$csss0s0i(rpcMessage&)
                0x000235c4                rpc__PixelThreshold$iiiiiiiibb(rpcMessage&)
                0x00023844                rpc__PH$iiiis(rpcMessage&)
                0x000239cc                rpc__tbm_GetRaw$bC0I(rpcMessage&)
                0x00023ae4                rpc__GetRpcTimestamp$v4c(rpcMessage&)
                0x00023c4c                rpc__GetRpcCallId$i3c(rpcMessage&)
                0x00023dd0                rpc__Ethernet_Send$v3c(rpcMessage&)
                0x00023ef4                rpc__UpgradeData$C3c(rpcMessage&)
                0x00024054                rpc__Daq_Read$C5SIC(rpcMessage&)
                0x00024288                rpc__UpgradeErrorMsg$v4c(rpcMessage&)
                0x000243f0                rpc__GetHWVersion$v4c(rpcMessage&)
                0x00024558                rpc__GetInfo$v4c(rpcMessage&)
                0x000246c0                rpc__test_pixel_address$bii(rpcMessage&)
                0x000247e0                rpc__GetRpcCallName$bi4c(rpcMessage&)
                0x00024984                rpc__Daq_GetSize$IC(rpcMessage&)
                0x00024a60                rpc__Daq_Open$IIC(rpcMessage&)
                0x00024b68                rpc__CountReadouts$iiii(rpcMessage&)
                0x00024cc0                rpc__CountReadouts$iii(rpcMessage&)
                0x00024dec                rpc__CountReadouts$ii(rpcMessage&)
                0x00024eec                rpc__GetRpcCallCount$i(rpcMessage&)
                0x00024fb8                rpc__Ethernet_RecvPackets$I(rpcMessage&)
                0x00025084                rpc__GetRpcCallHash$I(rpcMessage&)
                0x000252c0                rpc__Daq_Read$C5SI0IC(rpcMessage&)
                0x00025558                rpc_Dispatcher(CRpcIo&)
                0x000255f0                rpc__CalibrateDacDacScan$csssssssss2s2i(rpcMessage&)
                0x000258f4                rpc__CalibrateDacScan$cssssss2s2i(rpcMessage&)
                0x00025b80                rpc__CalibrateMap$ss2s2i2I(rpcMessage&)
                0x00025dc8                rpc__TestColPixel$bCCb2C(rpcMessage&)
                0x00025f58                rpc__LoopMultiRocOnePixelDacDacScan$b1CCCSSCCCCCCCC(rpcMessage&)
                0x000261e4                rpc__LoopMultiRocOnePixelDacDacScan$b1CCCSSCCCCCC(rpcMessage&)
                0x00026448                rpc__LoopMultiRocAllPixelsDacDacScan$b1CSSCCCCCCCC(rpcMessage&)
                0x000266ac                rpc__LoopMultiRocAllPixelsDacDacScan$b1CSSCCCCCC(rpcMessage&)
                0x000268e8                rpc__LoopMultiRocOnePixelDacScan$b1CCCSSCCCC(rpcMessage&)
                0x00026b24                rpc__LoopMultiRocOnePixelDacScan$b1CCCSSCCC(rpcMessage&)
                0x00026d4c                rpc__LoopMultiRocAllPixelsDacScan$b1CSSCCCC(rpcMessage&)
                0x00026f60                rpc__LoopMultiRocAllPixelsDacScan$b1CSSCCC(rpcMessage&)
                0x00027160                rpc__LoopMultiRocOnePixelCalibrate$b1CCCSS(rpcMessage&)
                0x0002734c                rpc__LoopMultiRocAllPixelsCalibrate$b1CSS(rpcMessage&)
                0x0002750c                rpc__SetTrimValues$bC1C(rpcMessage&)
                0x00027684                rpc__SetI2CAddresses$b1C(rpcMessage&)
                0x000277ec                rpc__VectorTest$v1S2S(rpcMessage&)
                0x00027a44                rpc__Pg_SetCmdAll$v1S(rpcMessage&)
                0x00027bf8                rpc__TriggerRow$sss1ss(rpcMessage&)
                0x00027e8c                rpc__TrimChip$s1s(rpcMessage&)
 .text._ZNSt6vectorIsSaIsEED2Ev
                0x00028084       0x10 obj/default/rpc_dtb.o
                0x00028084                std::vector<short, std::allocator<short> >::~vector()
                0x00028084                std::vector<short, std::allocator<short> >::~vector()
 .text._ZNSt6vectorIiSaIiEED2Ev
                0x00028094       0x10 obj/default/rpc_dtb.o
                0x00028094                std::vector<int, std::allocator<int> >::~vector()
                0x00028094                std::vector<int, std::allocator<int> >::~vector()
 .text._ZNSt6vectorIhSaIhEED2Ev
                0x000280a4       0x10 obj/default/rpc_dtb.o
                0x000280a4                std::vector<unsigned char, std::allocator<unsigned char> >::~vector()
                0x000280a4                std::vector<unsigned char, std::allocator<unsigned char> >::~vector()
 .text._ZNSt6vectorItSaItEE14_M_fill_assignEjRKt
                0x000280b4      0x398 obj/default/rpc_dtb.o
                0x000280b4                std::vector<unsigned short, std::allocator<unsigned short> >::_M_fill_assign(unsigned int, unsigned short const&)
 .text._ZNSt6vectorIsSaIsEE14_M_fill_assignEjRKs
                0x0002844c      0x398 obj/default/rpc_dtb.o
                0x0002844c                std::vector<short, std::allocator<short> >::_M_fill_assign(unsigned int, short const&)
 .text          0x000287e4      0x614 obj/default/sgdma.o
                0x000287e4                CDma::CDma()
                0x000287e4                CDma::CDma()
                0x000288c0                CDma::CreateDescriptor()
                0x000289a8                CDma::DeleteAllDescriptors()
                0x00028a74                CDma::Add(void const*, unsigned int)
                0x00028d10                CDma::Send()
 .text          0x00028df8       0x34 obj/default/ugerror.o
                0x00028df8                CUGError::GetErrorMsg()
 .text.startup  0x00028e2c        0x8 obj/default/ugerror.o
 .text          0x00028e34        0x0 c:/altera/13.1/nios2eds/bin/gnu/h-i686-mingw32/bin/../lib/gcc/nios2-elf/4.7.3/../../../../../H-i686-mingw32/nios2-elf/lib\libstdc++.a(pure.o)
 .text.__cxa_pure_virtual
                0x00028e34       0x24 c:/altera/13.1/nios2eds/bin/gnu/h-i686-mingw32/bin/../lib/gcc/nios2-elf/4.7.3/../../../../../H-i686-mingw32/nios2-elf/lib\libstdc++.a(pure.o)
                0x00028e34                __cxa_pure_virtual
 .text.__cxa_deleted_virtual
                0x00028e58       0x24 c:/altera/13.1/nios2eds/bin/gnu/h-i686-mingw32/bin/../lib/gcc/nios2-elf/4.7.3/../../../../../H-i686-mingw32/nios2-elf/lib\libstdc++.a(pure.o)
                0x00028e58                __cxa_deleted_virtual
 .text          0x00028e7c        0x0 c:/altera/13.1/nios2eds/bin/gnu/h-i686-mingw32/bin/../lib/gcc/nios2-elf/4.7.3/../../../../../H-i686-mingw32/nios2-elf/lib\libstdc++.a(class_type_info.o)
 .text._ZNK10__cxxabiv117__class_type_info11__do_upcastEPKS0_PPv
                0x00028e7c       0x7c c:/altera/13.1/nios2eds/bin/gnu/h-i686-mingw32/bin/../lib/gcc/nios2-elf/4.7.3/../../../../../H-i686-mingw32/nios2-elf/lib\libstdc++.a(class_type_info.o)
                0x00028e7c                __cxxabiv1::__class_type_info::__do_upcast(__cxxabiv1::__class_type_info const*, void**) const
 .text._ZNK10__cxxabiv117__class_type_info20__do_find_public_srcEiPKvPKS0_S2_
                0x00028ef8       0x18 c:/altera/13.1/nios2eds/bin/gnu/h-i686-mingw32/bin/../lib/gcc/nios2-elf/4.7.3/../../../../../H-i686-mingw32/nios2-elf/lib\libstdc++.a(class_type_info.o)
                0x00028ef8                __cxxabiv1::__class_type_info::__do_find_public_src(int, void const*, __cxxabiv1::__class_type_info const*, void const*) const
 .text._ZN10__cxxabiv117__class_type_infoD2Ev
                0x00028f10       0x14 c:/altera/13.1/nios2eds/bin/gnu/h-i686-mingw32/bin/../lib/gcc/nios2-elf/4.7.3/../../../../../H-i686-mingw32/nios2-elf/lib\libstdc++.a(class_type_info.o)
                0x00028f10                __cxxabiv1::__class_type_info::~__class_type_info()
                0x00028f10                __cxxabiv1::__class_type_info::~__class_type_info()
 .text._ZN10__cxxabiv117__class_type_infoD0Ev
                0x00028f24       0x2c c:/altera/13.1/nios2eds/bin/gnu/h-i686-mingw32/bin/../lib/gcc/nios2-elf/4.7.3/../../../../../H-i686-mingw32/nios2-elf/lib\libstdc++.a(class_type_info.o)
                0x00028f24                __cxxabiv1::__class_type_info::~__class_type_info()
 .text._ZNK10__cxxabiv117__class_type_info11__do_upcastEPKS0_PKvRNS0_15__upcast_resultE
                0x00028f50       0x80 c:/altera/13.1/nios2eds/bin/gnu/h-i686-mingw32/bin/../lib/gcc/nios2-elf/4.7.3/../../../../../H-i686-mingw32/nios2-elf/lib\libstdc++.a(class_type_info.o)
                0x00028f50                __cxxabiv1::__class_type_info::__do_upcast(__cxxabiv1::__class_type_info const*, void const*, __cxxabiv1::__class_type_info::__upcast_result&) const
 .text._ZNK10__cxxabiv117__class_type_info10__do_catchEPKSt9type_infoPPvj
                0x00028fd0       0xbc c:/altera/13.1/nios2eds/bin/gnu/h-i686-mingw32/bin/../lib/gcc/nios2-elf/4.7.3/../../../../../H-i686-mingw32/nios2-elf/lib\libstdc++.a(class_type_info.o)
                0x00028fd0                __cxxabiv1::__class_type_info::__do_catch(std::type_info const*, void**, unsigned int) const
 .text._ZNK10__cxxabiv117__class_type_info12__do_dyncastEiNS0_10__sub_kindEPKS0_PKvS3_S5_RNS0_16__dyncast_resultE
                0x0002908c       0xd0 c:/altera/13.1/nios2eds/bin/gnu/h-i686-mingw32/bin/../lib/gcc/nios2-elf/4.7.3/../../../../../H-i686-mingw32/nios2-elf/lib\libstdc++.a(class_type_info.o)
                0x0002908c                __cxxabiv1::__class_type_info::__do_dyncast(int, __cxxabiv1::__class_type_info::__sub_kind, __cxxabiv1::__class_type_info const*, void const*, __cxxabiv1::__class_type_info const*, void const*, __cxxabiv1::__class_type_info::__dyncast_result&) const
 .text          0x0002915c        0x0 c:/altera/13.1/nios2eds/bin/gnu/h-i686-mingw32/bin/../lib/gcc/nios2-elf/4.7.3/../../../../../H-i686-mingw32/nios2-elf/lib\libstdc++.a(del_opv.o)
 .text._ZdaPv   0x0002915c        0x8 c:/altera/13.1/nios2eds/bin/gnu/h-i686-mingw32/bin/../lib/gcc/nios2-elf/4.7.3/../../../../../H-i686-mingw32/nios2-elf/lib\libstdc++.a(del_opv.o)
                0x0002915c                operator delete[](void*)
 .text          0x00029164        0x0 c:/altera/13.1/nios2eds/bin/gnu/h-i686-mingw32/bin/../lib/gcc/nios2-elf/4.7.3/../../../../../H-i686-mingw32/nios2-elf/lib\libstdc++.a(eh_personality.o)
 .text._ZL12read_sleb128PKhPl
                0x00029164       0x5c c:/altera/13.1/nios2eds/bin/gnu/h-i686-mingw32/bin/../lib/gcc/nios2-elf/4.7.3/../../../../../H-i686-mingw32/nios2-elf/lib\libstdc++.a(eh_personality.o)
 .text._ZL16get_adjusted_ptrPKSt9type_infoS1_PPv
                0x000291c0       0xa8 c:/altera/13.1/nios2eds/bin/gnu/h-i686-mingw32/bin/../lib/gcc/nios2-elf/4.7.3/../../../../../H-i686-mingw32/nios2-elf/lib\libstdc++.a(eh_personality.o)
 .text._ZL21base_of_encoded_valuehP15_Unwind_Context
                0x00029268       0x90 c:/altera/13.1/nios2eds/bin/gnu/h-i686-mingw32/bin/../lib/gcc/nios2-elf/4.7.3/../../../../../H-i686-mingw32/nios2-elf/lib\libstdc++.a(eh_personality.o)
 .text._ZL28read_encoded_value_with_basehjPKhPj
                0x000292f8      0x1fc c:/altera/13.1/nios2eds/bin/gnu/h-i686-mingw32/bin/../lib/gcc/nios2-elf/4.7.3/../../../../../H-i686-mingw32/nios2-elf/lib\libstdc++.a(eh_personality.o)
 .text._ZL17parse_lsda_headerP15_Unwind_ContextPKhP16lsda_header_info
                0x000294f4      0x124 c:/altera/13.1/nios2eds/bin/gnu/h-i686-mingw32/bin/../lib/gcc/nios2-elf/4.7.3/../../../../../H-i686-mingw32/nios2-elf/lib\libstdc++.a(eh_personality.o)
 .text._ZL21size_of_encoded_valueh
                0x00029618       0xa8 c:/altera/13.1/nios2eds/bin/gnu/h-i686-mingw32/bin/../lib/gcc/nios2-elf/4.7.3/../../../../../H-i686-mingw32/nios2-elf/lib\libstdc++.a(eh_personality.o)
 .text._ZL15get_ttype_entryP16lsda_header_infom
                0x000296c0       0x58 c:/altera/13.1/nios2eds/bin/gnu/h-i686-mingw32/bin/../lib/gcc/nios2-elf/4.7.3/../../../../../H-i686-mingw32/nios2-elf/lib\libstdc++.a(eh_personality.o)
 .text._ZL20check_exception_specP16lsda_header_infoPKSt9type_infoPvl
                0x00029718       0xb0 c:/altera/13.1/nios2eds/bin/gnu/h-i686-mingw32/bin/../lib/gcc/nios2-elf/4.7.3/../../../../../H-i686-mingw32/nios2-elf/lib\libstdc++.a(eh_personality.o)
 .text.unlikely._ZL28check_compact_exception_specPKSt9type_infoPvPKhij
                0x000297c8      0x190 c:/altera/13.1/nios2eds/bin/gnu/h-i686-mingw32/bin/../lib/gcc/nios2-elf/4.7.3/../../../../../H-i686-mingw32/nios2-elf/lib\libstdc++.a(eh_personality.o)
 .text.__gxx_personality_sj0
                0x00029958      0x510 c:/altera/13.1/nios2eds/bin/gnu/h-i686-mingw32/bin/../lib/gcc/nios2-elf/4.7.3/../../../../../H-i686-mingw32/nios2-elf/lib\libstdc++.a(eh_personality.o)
                0x00029958                __gxx_personality_sj0
 .text.__cxa_call_unexpected
                0x00029e68      0x238 c:/altera/13.1/nios2eds/bin/gnu/h-i686-mingw32/bin/../lib/gcc/nios2-elf/4.7.3/../../../../../H-i686-mingw32/nios2-elf/lib\libstdc++.a(eh_personality.o)
                0x00029e68                __cxa_call_unexpected
 .text          0x0002a0a0        0x0 c:/altera/13.1/nios2eds/bin/gnu/h-i686-mingw32/bin/../lib/gcc/nios2-elf/4.7.3/../../../../../H-i686-mingw32/nios2-elf/lib\libstdc++.a(eh_terminate.o)
 .text._ZN10__cxxabiv111__terminateEPFvvE
                0x0002a0a0       0xc4 c:/altera/13.1/nios2eds/bin/gnu/h-i686-mingw32/bin/../lib/gcc/nios2-elf/4.7.3/../../../../../H-i686-mingw32/nios2-elf/lib\libstdc++.a(eh_terminate.o)
                0x0002a0a0                __cxxabiv1::__terminate(void (*)())
 .text._ZSt9terminatev
                0x0002a164       0x1c c:/altera/13.1/nios2eds/bin/gnu/h-i686-mingw32/bin/../lib/gcc/nios2-elf/4.7.3/../../../../../H-i686-mingw32/nios2-elf/lib\libstdc++.a(eh_terminate.o)
                0x0002a164                std::terminate()
 .text._ZN10__cxxabiv112__unexpectedEPFvvE
                0x0002a180       0x14 c:/altera/13.1/nios2eds/bin/gnu/h-i686-mingw32/bin/../lib/gcc/nios2-elf/4.7.3/../../../../../H-i686-mingw32/nios2-elf/lib\libstdc++.a(eh_terminate.o)
                0x0002a180                __cxxabiv1::__unexpected(void (*)())
 .text._ZSt10unexpectedv
                0x0002a194       0x1c c:/altera/13.1/nios2eds/bin/gnu/h-i686-mingw32/bin/../lib/gcc/nios2-elf/4.7.3/../../../../../H-i686-mingw32/nios2-elf/lib\libstdc++.a(eh_terminate.o)
                0x0002a194                std::unexpected()
 .text._ZSt13set_terminatePFvvE
                0x0002a1b0       0x14 c:/altera/13.1/nios2eds/bin/gnu/h-i686-mingw32/bin/../lib/gcc/nios2-elf/4.7.3/../../../../../H-i686-mingw32/nios2-elf/lib\libstdc++.a(eh_terminate.o)
                0x0002a1b0                std::set_terminate(void (*)())
 .text._ZSt14set_unexpectedPFvvE
                0x0002a1c4       0x14 c:/altera/13.1/nios2eds/bin/gnu/h-i686-mingw32/bin/../lib/gcc/nios2-elf/4.7.3/../../../../../H-i686-mingw32/nios2-elf/lib\libstdc++.a(eh_terminate.o)
                0x0002a1c4                std::set_unexpected(void (*)())
 .text          0x0002a1d8        0x0 c:/altera/13.1/nios2eds/bin/gnu/h-i686-mingw32/bin/../lib/gcc/nios2-elf/4.7.3/../../../../../H-i686-mingw32/nios2-elf/lib\libstdc++.a(eh_term_handler.o)
 .text          0x0002a1d8        0x0 c:/altera/13.1/nios2eds/bin/gnu/h-i686-mingw32/bin/../lib/gcc/nios2-elf/4.7.3/../../../../../H-i686-mingw32/nios2-elf/lib\libstdc++.a(eh_catch.o)
 .text.__cxa_get_exception_ptr
                0x0002a1d8        0x8 c:/altera/13.1/nios2eds/bin/gnu/h-i686-mingw32/bin/../lib/gcc/nios2-elf/4.7.3/../../../../../H-i686-mingw32/nios2-elf/lib\libstdc++.a(eh_catch.o)
                0x0002a1d8                __cxa_get_exception_ptr
 .text.__cxa_begin_catch
                0x0002a1e0       0xb8 c:/altera/13.1/nios2eds/bin/gnu/h-i686-mingw32/bin/../lib/gcc/nios2-elf/4.7.3/../../../../../H-i686-mingw32/nios2-elf/lib\libstdc++.a(eh_catch.o)
                0x0002a1e0                __cxa_begin_catch
 .text.__cxa_end_catch
                0x0002a298       0xb8 c:/altera/13.1/nios2eds/bin/gnu/h-i686-mingw32/bin/../lib/gcc/nios2-elf/4.7.3/../../../../../H-i686-mingw32/nios2-elf/lib\libstdc++.a(eh_catch.o)
                0x0002a298                __cxa_end_catch
 .text._ZSt18uncaught_exceptionv
                0x0002a350       0x24 c:/altera/13.1/nios2eds/bin/gnu/h-i686-mingw32/bin/../lib/gcc/nios2-elf/4.7.3/../../../../../H-i686-mingw32/nios2-elf/lib\libstdc++.a(eh_catch.o)
                0x0002a350                std::uncaught_exception()
 .text          0x0002a374        0x0 c:/altera/13.1/nios2eds/bin/gnu/h-i686-mingw32/bin/../lib/gcc/nios2-elf/4.7.3/../../../../../H-i686-mingw32/nios2-elf/lib\libstdc++.a(del_op.o)
 .text._ZdlPv   0x0002a374       0x10 c:/altera/13.1/nios2eds/bin/gnu/h-i686-mingw32/bin/../lib/gcc/nios2-elf/4.7.3/../../../../../H-i686-mingw32/nios2-elf/lib\libstdc++.a(del_op.o)
                0x0002a374                operator delete(void*)
 .text          0x0002a384        0x0 c:/altera/13.1/nios2eds/bin/gnu/h-i686-mingw32/bin/../lib/gcc/nios2-elf/4.7.3/../../../../../H-i686-mingw32/nios2-elf/lib\libstdc++.a(eh_throw.o)
 .text._ZL23__gxx_exception_cleanup19_Unwind_Reason_CodeP17_Unwind_Exception
                0x0002a384       0x48 c:/altera/13.1/nios2eds/bin/gnu/h-i686-mingw32/bin/../lib/gcc/nios2-elf/4.7.3/../../../../../H-i686-mingw32/nios2-elf/lib\libstdc++.a(eh_throw.o)
 .text.__cxa_throw
                0x0002a3cc       0x80 c:/altera/13.1/nios2eds/bin/gnu/h-i686-mingw32/bin/../lib/gcc/nios2-elf/4.7.3/../../../../../H-i686-mingw32/nios2-elf/lib\libstdc++.a(eh_throw.o)
                0x0002a3cc                __cxa_throw
 .text.__cxa_rethrow
                0x0002a44c       0x88 c:/altera/13.1/nios2eds/bin/gnu/h-i686-mingw32/bin/../lib/gcc/nios2-elf/4.7.3/../../../../../H-i686-mingw32/nios2-elf/lib\libstdc++.a(eh_throw.o)
                0x0002a44c                __cxa_rethrow
 .text          0x0002a4d4        0x0 c:/altera/13.1/nios2eds/bin/gnu/h-i686-mingw32/bin/../lib/gcc/nios2-elf/4.7.3/../../../../../H-i686-mingw32/nios2-elf/lib\libstdc++.a(vterminate.o)
 .text._ZN9__gnu_cxx27__verbose_terminate_handlerEv
                0x0002a4d4      0x290 c:/altera/13.1/nios2eds/bin/gnu/h-i686-mingw32/bin/../lib/gcc/nios2-elf/4.7.3/../../../../../H-i686-mingw32/nios2-elf/lib\libstdc++.a(vterminate.o)
                0x0002a4d4                __gnu_cxx::__verbose_terminate_handler()
 .text          0x0002a764        0x0 c:/altera/13.1/nios2eds/bin/gnu/h-i686-mingw32/bin/../lib/gcc/nios2-elf/4.7.3/../../../../../H-i686-mingw32/nios2-elf/lib\libstdc++.a(si_class_type_info.o)
 .text._ZN10__cxxabiv120__si_class_type_infoD2Ev
                0x0002a764       0x14 c:/altera/13.1/nios2eds/bin/gnu/h-i686-mingw32/bin/../lib/gcc/nios2-elf/4.7.3/../../../../../H-i686-mingw32/nios2-elf/lib\libstdc++.a(si_class_type_info.o)
                0x0002a764                __cxxabiv1::__si_class_type_info::~__si_class_type_info()
                0x0002a764                __cxxabiv1::__si_class_type_info::~__si_class_type_info()
 .text._ZN10__cxxabiv120__si_class_type_infoD0Ev
                0x0002a778       0x2c c:/altera/13.1/nios2eds/bin/gnu/h-i686-mingw32/bin/../lib/gcc/nios2-elf/4.7.3/../../../../../H-i686-mingw32/nios2-elf/lib\libstdc++.a(si_class_type_info.o)
                0x0002a778                __cxxabiv1::__si_class_type_info::~__si_class_type_info()
 .text._ZNK10__cxxabiv120__si_class_type_info20__do_find_public_srcEiPKvPKNS_17__class_type_infoES2_
                0x0002a7a4       0xa0 c:/altera/13.1/nios2eds/bin/gnu/h-i686-mingw32/bin/../lib/gcc/nios2-elf/4.7.3/../../../../../H-i686-mingw32/nios2-elf/lib\libstdc++.a(si_class_type_info.o)
                0x0002a7a4                __cxxabiv1::__si_class_type_info::__do_find_public_src(int, void const*, __cxxabiv1::__class_type_info const*, void const*) const
 .text._ZNK10__cxxabiv120__si_class_type_info12__do_dyncastEiNS_17__class_type_info10__sub_kindEPKS1_PKvS4_S6_RNS1_16__dyncast_resultE
                0x0002a844      0x160 c:/altera/13.1/nios2eds/bin/gnu/h-i686-mingw32/bin/../lib/gcc/nios2-elf/4.7.3/../../../../../H-i686-mingw32/nios2-elf/lib\libstdc++.a(si_class_type_info.o)
                0x0002a844                __cxxabiv1::__si_class_type_info::__do_dyncast(int, __cxxabiv1::__class_type_info::__sub_kind, __cxxabiv1::__class_type_info const*, void const*, __cxxabiv1::__class_type_info const*, void const*, __cxxabiv1::__class_type_info::__dyncast_result&) const
 .text._ZNK10__cxxabiv120__si_class_type_info11__do_upcastEPKNS_17__class_type_infoEPKvRNS1_15__upcast_resultE
                0x0002a9a4       0x8c c:/altera/13.1/nios2eds/bin/gnu/h-i686-mingw32/bin/../lib/gcc/nios2-elf/4.7.3/../../../../../H-i686-mingw32/nios2-elf/lib\libstdc++.a(si_class_type_info.o)
                0x0002a9a4                __cxxabiv1::__si_class_type_info::__do_upcast(__cxxabiv1::__class_type_info const*, void const*, __cxxabiv1::__class_type_info::__upcast_result&) const
 .text          0x0002aa30        0x0 c:/altera/13.1/nios2eds/bin/gnu/h-i686-mingw32/bin/../lib/gcc/nios2-elf/4.7.3/../../../../../H-i686-mingw32/nios2-elf/lib\libstdc++.a(tinfo.o)
 .text._ZNSt9type_infoD2Ev
                0x0002aa30       0x10 c:/altera/13.1/nios2eds/bin/gnu/h-i686-mingw32/bin/../lib/gcc/nios2-elf/4.7.3/../../../../../H-i686-mingw32/nios2-elf/lib\libstdc++.a(tinfo.o)
                0x0002aa30                std::type_info::~type_info()
                0x0002aa30                std::type_info::~type_info()
 .text._ZNKSt9type_info14__is_pointer_pEv
                0x0002aa40        0x8 c:/altera/13.1/nios2eds/bin/gnu/h-i686-mingw32/bin/../lib/gcc/nios2-elf/4.7.3/../../../../../H-i686-mingw32/nios2-elf/lib\libstdc++.a(tinfo.o)
                0x0002aa40                std::type_info::__is_pointer_p() const
 .text._ZNKSt9type_info15__is_function_pEv
                0x0002aa48        0x8 c:/altera/13.1/nios2eds/bin/gnu/h-i686-mingw32/bin/../lib/gcc/nios2-elf/4.7.3/../../../../../H-i686-mingw32/nios2-elf/lib\libstdc++.a(tinfo.o)
                0x0002aa48                std::type_info::__is_function_p() const
 .text._ZNKSt9type_info11__do_upcastEPKN10__cxxabiv117__class_type_infoEPPv
                0x0002aa50        0x8 c:/altera/13.1/nios2eds/bin/gnu/h-i686-mingw32/bin/../lib/gcc/nios2-elf/4.7.3/../../../../../H-i686-mingw32/nios2-elf/lib\libstdc++.a(tinfo.o)
                0x0002aa50                std::type_info::__do_upcast(__cxxabiv1::__class_type_info const*, void**) const
 .text._ZNKSt9type_info10__do_catchEPKS_PPvj
                0x0002aa58       0x4c c:/altera/13.1/nios2eds/bin/gnu/h-i686-mingw32/bin/../lib/gcc/nios2-elf/4.7.3/../../../../../H-i686-mingw32/nios2-elf/lib\libstdc++.a(tinfo.o)
                0x0002aa58                std::type_info::__do_catch(std::type_info const*, void**, unsigned int) const
 .text._ZNSt9type_infoD0Ev
                0x0002aaa4       0x14 c:/altera/13.1/nios2eds/bin/gnu/h-i686-mingw32/bin/../lib/gcc/nios2-elf/4.7.3/../../../../../H-i686-mingw32/nios2-elf/lib\libstdc++.a(tinfo.o)
                0x0002aaa4                std::type_info::~type_info()
 .text          0x0002aab8        0x0 c:/altera/13.1/nios2eds/bin/gnu/h-i686-mingw32/bin/../lib/gcc/nios2-elf/4.7.3/../../../../../H-i686-mingw32/nios2-elf/lib\libstdc++.a(eh_alloc.o)
 .text.__cxa_allocate_exception
                0x0002aab8       0xb0 c:/altera/13.1/nios2eds/bin/gnu/h-i686-mingw32/bin/../lib/gcc/nios2-elf/4.7.3/../../../../../H-i686-mingw32/nios2-elf/lib\libstdc++.a(eh_alloc.o)
                0x0002aab8                __cxa_allocate_exception
 .text.__cxa_free_exception
                0x0002ab68       0x40 c:/altera/13.1/nios2eds/bin/gnu/h-i686-mingw32/bin/../lib/gcc/nios2-elf/4.7.3/../../../../../H-i686-mingw32/nios2-elf/lib\libstdc++.a(eh_alloc.o)
                0x0002ab68                __cxa_free_exception
 .text.__cxa_allocate_dependent_exception
                0x0002aba8       0x9c c:/altera/13.1/nios2eds/bin/gnu/h-i686-mingw32/bin/../lib/gcc/nios2-elf/4.7.3/../../../../../H-i686-mingw32/nios2-elf/lib\libstdc++.a(eh_alloc.o)
                0x0002aba8                __cxa_allocate_dependent_exception
 .text.__cxa_free_dependent_exception
                0x0002ac44       0x58 c:/altera/13.1/nios2eds/bin/gnu/h-i686-mingw32/bin/../lib/gcc/nios2-elf/4.7.3/../../../../../H-i686-mingw32/nios2-elf/lib\libstdc++.a(eh_alloc.o)
                0x0002ac44                __cxa_free_dependent_exception
 .text          0x0002ac9c        0x0 c:/altera/13.1/nios2eds/bin/gnu/h-i686-mingw32/bin/../lib/gcc/nios2-elf/4.7.3/../../../../../H-i686-mingw32/nios2-elf/lib\libstdc++.a(new_opv.o)
 .text._Znaj    0x0002ac9c       0x98 c:/altera/13.1/nios2eds/bin/gnu/h-i686-mingw32/bin/../lib/gcc/nios2-elf/4.7.3/../../../../../H-i686-mingw32/nios2-elf/lib\libstdc++.a(new_opv.o)
                0x0002ac9c                operator new[](unsigned int)
 .text          0x0002ad34        0x0 c:/altera/13.1/nios2eds/bin/gnu/h-i686-mingw32/bin/../lib/gcc/nios2-elf/4.7.3/../../../../../H-i686-mingw32/nios2-elf/lib\libstdc++.a(eh_type.o)
 .text.__cxa_current_exception_type
                0x0002ad34       0x48 c:/altera/13.1/nios2eds/bin/gnu/h-i686-mingw32/bin/../lib/gcc/nios2-elf/4.7.3/../../../../../H-i686-mingw32/nios2-elf/lib\libstdc++.a(eh_type.o)
                0x0002ad34                __cxa_current_exception_type
 .text          0x0002ad7c        0x0 c:/altera/13.1/nios2eds/bin/gnu/h-i686-mingw32/bin/../lib/gcc/nios2-elf/4.7.3/../../../../../H-i686-mingw32/nios2-elf/lib\libstdc++.a(new_op.o)
 .text._Znwj    0x0002ad7c       0xf8 c:/altera/13.1/nios2eds/bin/gnu/h-i686-mingw32/bin/../lib/gcc/nios2-elf/4.7.3/../../../../../H-i686-mingw32/nios2-elf/lib\libstdc++.a(new_op.o)
                0x0002ad7c                operator new(unsigned int)
 .text          0x0002ae74        0x0 c:/altera/13.1/nios2eds/bin/gnu/h-i686-mingw32/bin/../lib/gcc/nios2-elf/4.7.3/../../../../../H-i686-mingw32/nios2-elf/lib\libstdc++.a(functexcept.o)
 .text._ZSt21__throw_bad_exceptionv
                0x0002ae74       0x38 c:/altera/13.1/nios2eds/bin/gnu/h-i686-mingw32/bin/../lib/gcc/nios2-elf/4.7.3/../../../../../H-i686-mingw32/nios2-elf/lib\libstdc++.a(functexcept.o)
                0x0002ae74                std::__throw_bad_exception()
 .text._ZSt17__throw_bad_allocv
                0x0002aeac       0x38 c:/altera/13.1/nios2eds/bin/gnu/h-i686-mingw32/bin/../lib/gcc/nios2-elf/4.7.3/../../../../../H-i686-mingw32/nios2-elf/lib\libstdc++.a(functexcept.o)
                0x0002aeac                std::__throw_bad_alloc()
 .text._ZSt16__throw_bad_castv
                0x0002aee4       0x38 c:/altera/13.1/nios2eds/bin/gnu/h-i686-mingw32/bin/../lib/gcc/nios2-elf/4.7.3/../../../../../H-i686-mingw32/nios2-elf/lib\libstdc++.a(functexcept.o)
                0x0002aee4                std::__throw_bad_cast()
 .text._ZSt18__throw_bad_typeidv
                0x0002af1c       0x38 c:/altera/13.1/nios2eds/bin/gnu/h-i686-mingw32/bin/../lib/gcc/nios2-elf/4.7.3/../../../../../H-i686-mingw32/nios2-elf/lib\libstdc++.a(functexcept.o)
                0x0002af1c                std::__throw_bad_typeid()
 .text._ZSt19__throw_logic_errorPKc
                0x0002af54       0xe4 c:/altera/13.1/nios2eds/bin/gnu/h-i686-mingw32/bin/../lib/gcc/nios2-elf/4.7.3/../../../../../H-i686-mingw32/nios2-elf/lib\libstdc++.a(functexcept.o)
                0x0002af54                std::__throw_logic_error(char const*)
 .text._ZSt20__throw_domain_errorPKc
                0x0002b038       0xe4 c:/altera/13.1/nios2eds/bin/gnu/h-i686-mingw32/bin/../lib/gcc/nios2-elf/4.7.3/../../../../../H-i686-mingw32/nios2-elf/lib\libstdc++.a(functexcept.o)
                0x0002b038                std::__throw_domain_error(char const*)
 .text._ZSt24__throw_invalid_argumentPKc
                0x0002b11c       0xe4 c:/altera/13.1/nios2eds/bin/gnu/h-i686-mingw32/bin/../lib/gcc/nios2-elf/4.7.3/../../../../../H-i686-mingw32/nios2-elf/lib\libstdc++.a(functexcept.o)
                0x0002b11c                std::__throw_invalid_argument(char const*)
 .text._ZSt20__throw_length_errorPKc
                0x0002b200       0xe4 c:/altera/13.1/nios2eds/bin/gnu/h-i686-mingw32/bin/../lib/gcc/nios2-elf/4.7.3/../../../../../H-i686-mingw32/nios2-elf/lib\libstdc++.a(functexcept.o)
                0x0002b200                std::__throw_length_error(char const*)
 .text._ZSt20__throw_out_of_rangePKc
                0x0002b2e4       0xe4 c:/altera/13.1/nios2eds/bin/gnu/h-i686-mingw32/bin/../lib/gcc/nios2-elf/4.7.3/../../../../../H-i686-mingw32/nios2-elf/lib\libstdc++.a(functexcept.o)
                0x0002b2e4                std::__throw_out_of_range(char const*)
 .text._ZSt21__throw_runtime_errorPKc
                0x0002b3c8       0xe4 c:/altera/13.1/nios2eds/bin/gnu/h-i686-mingw32/bin/../lib/gcc/nios2-elf/4.7.3/../../../../../H-i686-mingw32/nios2-elf/lib\libstdc++.a(functexcept.o)
                0x0002b3c8                std::__throw_runtime_error(char const*)
 .text._ZSt19__throw_range_errorPKc
                0x0002b4ac       0xe4 c:/altera/13.1/nios2eds/bin/gnu/h-i686-mingw32/bin/../lib/gcc/nios2-elf/4.7.3/../../../../../H-i686-mingw32/nios2-elf/lib\libstdc++.a(functexcept.o)
                0x0002b4ac                std::__throw_range_error(char const*)
 .text._ZSt22__throw_overflow_errorPKc
                0x0002b590       0xe4 c:/altera/13.1/nios2eds/bin/gnu/h-i686-mingw32/bin/../lib/gcc/nios2-elf/4.7.3/../../../../../H-i686-mingw32/nios2-elf/lib\libstdc++.a(functexcept.o)
                0x0002b590                std::__throw_overflow_error(char const*)
 .text._ZSt23__throw_underflow_errorPKc
                0x0002b674       0xe4 c:/altera/13.1/nios2eds/bin/gnu/h-i686-mingw32/bin/../lib/gcc/nios2-elf/4.7.3/../../../../../H-i686-mingw32/nios2-elf/lib\libstdc++.a(functexcept.o)
                0x0002b674                std::__throw_underflow_error(char const*)
 .text._ZSt19__throw_ios_failurePKc
                0x0002b758       0xc0 c:/altera/13.1/nios2eds/bin/gnu/h-i686-mingw32/bin/../lib/gcc/nios2-elf/4.7.3/../../../../../H-i686-mingw32/nios2-elf/lib\libstdc++.a(functexcept.o)
                0x0002b758                std::__throw_ios_failure(char const*)
 .text._ZSt20__throw_system_errori
                0x0002b818      0x13c c:/altera/13.1/nios2eds/bin/gnu/h-i686-mingw32/bin/../lib/gcc/nios2-elf/4.7.3/../../../../../H-i686-mingw32/nios2-elf/lib\libstdc++.a(functexcept.o)
                0x0002b818                std::__throw_system_error(int)
 .text._ZSt20__throw_future_errori
                0x0002b954      0x138 c:/altera/13.1/nios2eds/bin/gnu/h-i686-mingw32/bin/../lib/gcc/nios2-elf/4.7.3/../../../../../H-i686-mingw32/nios2-elf/lib\libstdc++.a(functexcept.o)
                0x0002b954                std::__throw_future_error(int)
 .text._ZSt25__throw_bad_function_callv
                0x0002ba8c       0x38 c:/altera/13.1/nios2eds/bin/gnu/h-i686-mingw32/bin/../lib/gcc/nios2-elf/4.7.3/../../../../../H-i686-mingw32/nios2-elf/lib\libstdc++.a(functexcept.o)
                0x0002ba8c                std::__throw_bad_function_call()
 .text._ZSt19__throw_regex_errorNSt15regex_constants10error_typeE
                0x0002bac4       0xa8 c:/altera/13.1/nios2eds/bin/gnu/h-i686-mingw32/bin/../lib/gcc/nios2-elf/4.7.3/../../../../../H-i686-mingw32/nios2-elf/lib\libstdc++.a(functexcept.o)
                0x0002bac4                std::__throw_regex_error(std::regex_constants::error_type)
 .text          0x0002bb6c        0x0 c:/altera/13.1/nios2eds/bin/gnu/h-i686-mingw32/bin/../lib/gcc/nios2-elf/4.7.3/../../../../../H-i686-mingw32/nios2-elf/lib\libstdc++.a(system_error.o)
 .text._ZNK12_GLOBAL__N_122generic_error_category4nameEv
                0x0002bb6c        0xc c:/altera/13.1/nios2eds/bin/gnu/h-i686-mingw32/bin/../lib/gcc/nios2-elf/4.7.3/../../../../../H-i686-mingw32/nios2-elf/lib\libstdc++.a(system_error.o)
 .text._ZNK12_GLOBAL__N_121system_error_category4nameEv
                0x0002bb78        0xc c:/altera/13.1/nios2eds/bin/gnu/h-i686-mingw32/bin/../lib/gcc/nios2-elf/4.7.3/../../../../../H-i686-mingw32/nios2-elf/lib\libstdc++.a(system_error.o)
 .text._ZNSt14error_categoryD2Ev
                0x0002bb84       0x10 c:/altera/13.1/nios2eds/bin/gnu/h-i686-mingw32/bin/../lib/gcc/nios2-elf/4.7.3/../../../../../H-i686-mingw32/nios2-elf/lib\libstdc++.a(system_error.o)
                0x0002bb84                std::error_category::~error_category()
                0x0002bb84                std::error_category::~error_category()
 .text._ZNKSt14error_category23default_error_conditionEi
                0x0002bb94        0xc c:/altera/13.1/nios2eds/bin/gnu/h-i686-mingw32/bin/../lib/gcc/nios2-elf/4.7.3/../../../../../H-i686-mingw32/nios2-elf/lib\libstdc++.a(system_error.o)
                0x0002bb94                std::error_category::default_error_condition(int) const
 .text._ZNKSt14error_category10equivalentEiRKSt15error_condition
                0x0002bba0       0x54 c:/altera/13.1/nios2eds/bin/gnu/h-i686-mingw32/bin/../lib/gcc/nios2-elf/4.7.3/../../../../../H-i686-mingw32/nios2-elf/lib\libstdc++.a(system_error.o)
                0x0002bba0                std::error_category::equivalent(int, std::error_condition const&) const
 .text._ZNKSt14error_category10equivalentERKSt10error_codei
                0x0002bbf4       0x1c c:/altera/13.1/nios2eds/bin/gnu/h-i686-mingw32/bin/../lib/gcc/nios2-elf/4.7.3/../../../../../H-i686-mingw32/nios2-elf/lib\libstdc++.a(system_error.o)
                0x0002bbf4                std::error_category::equivalent(std::error_code const&, int) const
 .text._ZN12_GLOBAL__N_121system_error_categoryD2Ev
                0x0002bc10       0x10 c:/altera/13.1/nios2eds/bin/gnu/h-i686-mingw32/bin/../lib/gcc/nios2-elf/4.7.3/../../../../../H-i686-mingw32/nios2-elf/lib\libstdc++.a(system_error.o)
 .text._ZN12_GLOBAL__N_122generic_error_categoryD2Ev
                0x0002bc20       0x10 c:/altera/13.1/nios2eds/bin/gnu/h-i686-mingw32/bin/../lib/gcc/nios2-elf/4.7.3/../../../../../H-i686-mingw32/nios2-elf/lib\libstdc++.a(system_error.o)
 .text._ZNK12_GLOBAL__N_122generic_error_category7messageEi
                0x0002bc30       0x40 c:/altera/13.1/nios2eds/bin/gnu/h-i686-mingw32/bin/../lib/gcc/nios2-elf/4.7.3/../../../../../H-i686-mingw32/nios2-elf/lib\libstdc++.a(system_error.o)
 .text._ZNK12_GLOBAL__N_121system_error_category7messageEi
                0x0002bc70       0x40 c:/altera/13.1/nios2eds/bin/gnu/h-i686-mingw32/bin/../lib/gcc/nios2-elf/4.7.3/../../../../../H-i686-mingw32/nios2-elf/lib\libstdc++.a(system_error.o)
 .text._ZNSt14error_categoryD0Ev
                0x0002bcb0       0x14 c:/altera/13.1/nios2eds/bin/gnu/h-i686-mingw32/bin/../lib/gcc/nios2-elf/4.7.3/../../../../../H-i686-mingw32/nios2-elf/lib\libstdc++.a(system_error.o)
                0x0002bcb0                std::error_category::~error_category()
 .text._ZN12_GLOBAL__N_121system_error_categoryD0Ev
                0x0002bcc4       0x14 c:/altera/13.1/nios2eds/bin/gnu/h-i686-mingw32/bin/../lib/gcc/nios2-elf/4.7.3/../../../../../H-i686-mingw32/nios2-elf/lib\libstdc++.a(system_error.o)
 .text._ZN12_GLOBAL__N_122generic_error_categoryD0Ev
                0x0002bcd8       0x14 c:/altera/13.1/nios2eds/bin/gnu/h-i686-mingw32/bin/../lib/gcc/nios2-elf/4.7.3/../../../../../H-i686-mingw32/nios2-elf/lib\libstdc++.a(system_error.o)
 .text._ZNSt12system_errorD2Ev
                0x0002bcec       0x14 c:/altera/13.1/nios2eds/bin/gnu/h-i686-mingw32/bin/../lib/gcc/nios2-elf/4.7.3/../../../../../H-i686-mingw32/nios2-elf/lib\libstdc++.a(system_error.o)
                0x0002bcec                std::system_error::~system_error()
                0x0002bcec                std::system_error::~system_error()
 .text._ZNSt12system_errorD0Ev
                0x0002bd00       0x2c c:/altera/13.1/nios2eds/bin/gnu/h-i686-mingw32/bin/../lib/gcc/nios2-elf/4.7.3/../../../../../H-i686-mingw32/nios2-elf/lib\libstdc++.a(system_error.o)
                0x0002bd00                std::system_error::~system_error()
 .text._ZNSt14error_categoryC2Ev
                0x0002bd2c       0x10 c:/altera/13.1/nios2eds/bin/gnu/h-i686-mingw32/bin/../lib/gcc/nios2-elf/4.7.3/../../../../../H-i686-mingw32/nios2-elf/lib\libstdc++.a(system_error.o)
                0x0002bd2c                std::error_category::error_category()
                0x0002bd2c                std::error_category::error_category()
 .text._ZSt15system_categoryv
                0x0002bd3c        0x8 c:/altera/13.1/nios2eds/bin/gnu/h-i686-mingw32/bin/../lib/gcc/nios2-elf/4.7.3/../../../../../H-i686-mingw32/nios2-elf/lib\libstdc++.a(system_error.o)
                0x0002bd3c                std::system_category()
 .text._ZSt16generic_categoryv
                0x0002bd44        0x8 c:/altera/13.1/nios2eds/bin/gnu/h-i686-mingw32/bin/../lib/gcc/nios2-elf/4.7.3/../../../../../H-i686-mingw32/nios2-elf/lib\libstdc++.a(system_error.o)
                0x0002bd44                std::generic_category()
 .text._ZNKSt10error_code23default_error_conditionEv
                0x0002bd4c       0x30 c:/altera/13.1/nios2eds/bin/gnu/h-i686-mingw32/bin/../lib/gcc/nios2-elf/4.7.3/../../../../../H-i686-mingw32/nios2-elf/lib\libstdc++.a(system_error.o)
                0x0002bd4c                std::error_code::default_error_condition() const
 .text.startup._GLOBAL__sub_I__ZNSt14error_categoryC2Ev
                0x0002bd7c       0x1c c:/altera/13.1/nios2eds/bin/gnu/h-i686-mingw32/bin/../lib/gcc/nios2-elf/4.7.3/../../../../../H-i686-mingw32/nios2-elf/lib\libstdc++.a(system_error.o)
 .text.exit._GLOBAL__sub_D__ZNSt14error_categoryC2Ev
                0x0002bd98       0x14 c:/altera/13.1/nios2eds/bin/gnu/h-i686-mingw32/bin/../lib/gcc/nios2-elf/4.7.3/../../../../../H-i686-mingw32/nios2-elf/lib\libstdc++.a(system_error.o)
 .text          0x0002bdac        0x0 c:/altera/13.1/nios2eds/bin/gnu/h-i686-mingw32/bin/../lib/gcc/nios2-elf/4.7.3/../../../../../H-i686-mingw32/nios2-elf/lib\libstdc++.a(future.o)
 .text._ZNK12_GLOBAL__N_121future_error_category4nameEv
                0x0002bdac        0xc c:/altera/13.1/nios2eds/bin/gnu/h-i686-mingw32/bin/../lib/gcc/nios2-elf/4.7.3/../../../../../H-i686-mingw32/nios2-elf/lib\libstdc++.a(future.o)
 .text._ZNSt12future_errorD2Ev
                0x0002bdb8       0x14 c:/altera/13.1/nios2eds/bin/gnu/h-i686-mingw32/bin/../lib/gcc/nios2-elf/4.7.3/../../../../../H-i686-mingw32/nios2-elf/lib\libstdc++.a(future.o)
                0x0002bdb8                std::future_error::~future_error()
                0x0002bdb8                std::future_error::~future_error()
 .text._ZNSt12future_errorD0Ev
                0x0002bdcc       0x2c c:/altera/13.1/nios2eds/bin/gnu/h-i686-mingw32/bin/../lib/gcc/nios2-elf/4.7.3/../../../../../H-i686-mingw32/nios2-elf/lib\libstdc++.a(future.o)
                0x0002bdcc                std::future_error::~future_error()
 .text._ZN12_GLOBAL__N_121future_error_categoryD2Ev
                0x0002bdf8       0x14 c:/altera/13.1/nios2eds/bin/gnu/h-i686-mingw32/bin/../lib/gcc/nios2-elf/4.7.3/../../../../../H-i686-mingw32/nios2-elf/lib\libstdc++.a(future.o)
 .text.__tcf_0  0x0002be0c       0x1c c:/altera/13.1/nios2eds/bin/gnu/h-i686-mingw32/bin/../lib/gcc/nios2-elf/4.7.3/../../../../../H-i686-mingw32/nios2-elf/lib\libstdc++.a(future.o)
 .text._ZN12_GLOBAL__N_121future_error_categoryD0Ev
                0x0002be28       0x38 c:/altera/13.1/nios2eds/bin/gnu/h-i686-mingw32/bin/../lib/gcc/nios2-elf/4.7.3/../../../../../H-i686-mingw32/nios2-elf/lib\libstdc++.a(future.o)
 .text._ZNKSt12future_error4whatEv
                0x0002be60       0x9c c:/altera/13.1/nios2eds/bin/gnu/h-i686-mingw32/bin/../lib/gcc/nios2-elf/4.7.3/../../../../../H-i686-mingw32/nios2-elf/lib\libstdc++.a(future.o)
                0x0002be60                std::future_error::what() const
 .text._ZNK12_GLOBAL__N_121future_error_category7messageEi
                0x0002befc      0x1c0 c:/altera/13.1/nios2eds/bin/gnu/h-i686-mingw32/bin/../lib/gcc/nios2-elf/4.7.3/../../../../../H-i686-mingw32/nios2-elf/lib\libstdc++.a(future.o)
 .text._ZSt15future_categoryv
                0x0002c0bc       0x68 c:/altera/13.1/nios2eds/bin/gnu/h-i686-mingw32/bin/../lib/gcc/nios2-elf/4.7.3/../../../../../H-i686-mingw32/nios2-elf/lib\libstdc++.a(future.o)
                0x0002c0bc                std::future_category()
 .text          0x0002c124        0x0 c:/altera/13.1/nios2eds/bin/gnu/h-i686-mingw32/bin/../lib/gcc/nios2-elf/4.7.3/../../../../../H-i686-mingw32/nios2-elf/lib\libstdc++.a(string-inst.o)
 .text.unlikely._ZNSs4_Rep26_M_set_length_and_sharableEj.part.4
                0x0002c124       0x14 c:/altera/13.1/nios2eds/bin/gnu/h-i686-mingw32/bin/../lib/gcc/nios2-elf/4.7.3/../../../../../H-i686-mingw32/nios2-elf/lib\libstdc++.a(string-inst.o)
 .text._ZNKSs4dataEv
                0x0002c138        0x8 c:/altera/13.1/nios2eds/bin/gnu/h-i686-mingw32/bin/../lib/gcc/nios2-elf/4.7.3/../../../../../H-i686-mingw32/nios2-elf/lib\libstdc++.a(string-inst.o)
                0x0002c138                std::string::data() const
 .text._ZNKSs6lengthEv
                0x0002c140        0xc c:/altera/13.1/nios2eds/bin/gnu/h-i686-mingw32/bin/../lib/gcc/nios2-elf/4.7.3/../../../../../H-i686-mingw32/nios2-elf/lib\libstdc++.a(string-inst.o)
                0x0002c140                std::string::length() const
 .text._ZNKSs7_M_dataEv
                0x0002c14c        0x8 c:/altera/13.1/nios2eds/bin/gnu/h-i686-mingw32/bin/../lib/gcc/nios2-elf/4.7.3/../../../../../H-i686-mingw32/nios2-elf/lib\libstdc++.a(string-inst.o)
                0x0002c14c                std::string::_M_data() const
 .text._ZNSs7_M_dataEPc
                0x0002c154        0xc c:/altera/13.1/nios2eds/bin/gnu/h-i686-mingw32/bin/../lib/gcc/nios2-elf/4.7.3/../../../../../H-i686-mingw32/nios2-elf/lib\libstdc++.a(string-inst.o)
                0x0002c154                std::string::_M_data(char*)
 .text._ZNKSs6_M_repEv
                0x0002c160        0xc c:/altera/13.1/nios2eds/bin/gnu/h-i686-mingw32/bin/../lib/gcc/nios2-elf/4.7.3/../../../../../H-i686-mingw32/nios2-elf/lib\libstdc++.a(string-inst.o)
                0x0002c160                std::string::_M_rep() const
 .text._ZNKSs9_M_ibeginEv
                0x0002c16c        0x8 c:/altera/13.1/nios2eds/bin/gnu/h-i686-mingw32/bin/../lib/gcc/nios2-elf/4.7.3/../../../../../H-i686-mingw32/nios2-elf/lib\libstdc++.a(string-inst.o)
                0x0002c16c                std::string::_M_ibegin() const
 .text._ZNKSs7_M_iendEv
                0x0002c174       0x10 c:/altera/13.1/nios2eds/bin/gnu/h-i686-mingw32/bin/../lib/gcc/nios2-elf/4.7.3/../../../../../H-i686-mingw32/nios2-elf/lib\libstdc++.a(string-inst.o)
                0x0002c174                std::string::_M_iend() const
 .text._ZNKSs8_M_checkEjPKc
                0x0002c184       0x30 c:/altera/13.1/nios2eds/bin/gnu/h-i686-mingw32/bin/../lib/gcc/nios2-elf/4.7.3/../../../../../H-i686-mingw32/nios2-elf/lib\libstdc++.a(string-inst.o)
                0x0002c184                std::string::_M_check(unsigned int, char const*) const
 .text._ZNKSs15_M_check_lengthEjjPKc
                0x0002c1b4       0x3c c:/altera/13.1/nios2eds/bin/gnu/h-i686-mingw32/bin/../lib/gcc/nios2-elf/4.7.3/../../../../../H-i686-mingw32/nios2-elf/lib\libstdc++.a(string-inst.o)
                0x0002c1b4                std::string::_M_check_length(unsigned int, unsigned int, char const*) const
 .text._ZNKSs8_M_limitEjj
                0x0002c1f0       0x1c c:/altera/13.1/nios2eds/bin/gnu/h-i686-mingw32/bin/../lib/gcc/nios2-elf/4.7.3/../../../../../H-i686-mingw32/nios2-elf/lib\libstdc++.a(string-inst.o)
                0x0002c1f0                std::string::_M_limit(unsigned int, unsigned int) const
 .text._ZNKSs11_M_disjunctEPKc
                0x0002c20c       0x20 c:/altera/13.1/nios2eds/bin/gnu/h-i686-mingw32/bin/../lib/gcc/nios2-elf/4.7.3/../../../../../H-i686-mingw32/nios2-elf/lib\libstdc++.a(string-inst.o)
                0x0002c20c                std::string::_M_disjunct(char const*) const
 .text._ZNSs7_M_copyEPcPKcj
                0x0002c22c       0x1c c:/altera/13.1/nios2eds/bin/gnu/h-i686-mingw32/bin/../lib/gcc/nios2-elf/4.7.3/../../../../../H-i686-mingw32/nios2-elf/lib\libstdc++.a(string-inst.o)
                0x0002c22c                std::string::_M_copy(char*, char const*, unsigned int)
 .text._ZNSs7_M_moveEPcPKcj
                0x0002c248       0x1c c:/altera/13.1/nios2eds/bin/gnu/h-i686-mingw32/bin/../lib/gcc/nios2-elf/4.7.3/../../../../../H-i686-mingw32/nios2-elf/lib\libstdc++.a(string-inst.o)
                0x0002c248                std::string::_M_move(char*, char const*, unsigned int)
 .text._ZNSs9_M_assignEPcjc
                0x0002c264       0x30 c:/altera/13.1/nios2eds/bin/gnu/h-i686-mingw32/bin/../lib/gcc/nios2-elf/4.7.3/../../../../../H-i686-mingw32/nios2-elf/lib\libstdc++.a(string-inst.o)
                0x0002c264                std::string::_M_assign(char*, unsigned int, char)
 .text._ZNSs13_S_copy_charsEPcN9__gnu_cxx17__normal_iteratorIS_SsEES2_
                0x0002c294       0x20 c:/altera/13.1/nios2eds/bin/gnu/h-i686-mingw32/bin/../lib/gcc/nios2-elf/4.7.3/../../../../../H-i686-mingw32/nios2-elf/lib\libstdc++.a(string-inst.o)
                0x0002c294                std::string::_S_copy_chars(char*, __gnu_cxx::__normal_iterator<char*, std::string>, __gnu_cxx::__normal_iterator<char*, std::string>)
 .text._ZNSs13_S_copy_charsEPcN9__gnu_cxx17__normal_iteratorIPKcSsEES4_
                0x0002c2b4       0x20 c:/altera/13.1/nios2eds/bin/gnu/h-i686-mingw32/bin/../lib/gcc/nios2-elf/4.7.3/../../../../../H-i686-mingw32/nios2-elf/lib\libstdc++.a(string-inst.o)
                0x0002c2b4                std::string::_S_copy_chars(char*, __gnu_cxx::__normal_iterator<char const*, std::string>, __gnu_cxx::__normal_iterator<char const*, std::string>)
 .text._ZNSs13_S_copy_charsEPcS_S_
                0x0002c2d4       0x20 c:/altera/13.1/nios2eds/bin/gnu/h-i686-mingw32/bin/../lib/gcc/nios2-elf/4.7.3/../../../../../H-i686-mingw32/nios2-elf/lib\libstdc++.a(string-inst.o)
                0x0002c2d4                std::string::_S_copy_chars(char*, char*, char*)
 .text._ZNSs13_S_copy_charsEPcPKcS1_
                0x0002c2f4       0x20 c:/altera/13.1/nios2eds/bin/gnu/h-i686-mingw32/bin/../lib/gcc/nios2-elf/4.7.3/../../../../../H-i686-mingw32/nios2-elf/lib\libstdc++.a(string-inst.o)
                0x0002c2f4                std::string::_S_copy_chars(char*, char const*, char const*)
 .text._ZNSs10_S_compareEjj
                0x0002c314        0x8 c:/altera/13.1/nios2eds/bin/gnu/h-i686-mingw32/bin/../lib/gcc/nios2-elf/4.7.3/../../../../../H-i686-mingw32/nios2-elf/lib\libstdc++.a(string-inst.o)
                0x0002c314                std::string::_S_compare(unsigned int, unsigned int)
 .text._ZNSs12_S_empty_repEv
                0x0002c31c        0xc c:/altera/13.1/nios2eds/bin/gnu/h-i686-mingw32/bin/../lib/gcc/nios2-elf/4.7.3/../../../../../H-i686-mingw32/nios2-elf/lib\libstdc++.a(string-inst.o)
                0x0002c31c                std::string::_S_empty_rep()
 .text._ZNSsC2Ev
                0x0002c328       0x10 c:/altera/13.1/nios2eds/bin/gnu/h-i686-mingw32/bin/../lib/gcc/nios2-elf/4.7.3/../../../../../H-i686-mingw32/nios2-elf/lib\libstdc++.a(string-inst.o)
                0x0002c328                std::basic_string<char, std::char_traits<char>, std::allocator<char> >::basic_string()
                0x0002c328                std::basic_string<char, std::char_traits<char>, std::allocator<char> >::basic_string()
 .text._ZNSsC2EOSs
                0x0002c338       0x18 c:/altera/13.1/nios2eds/bin/gnu/h-i686-mingw32/bin/../lib/gcc/nios2-elf/4.7.3/../../../../../H-i686-mingw32/nios2-elf/lib\libstdc++.a(string-inst.o)
                0x0002c338                std::basic_string<char, std::char_traits<char>, std::allocator<char> >::basic_string(std::string&&)
                0x0002c338                std::basic_string<char, std::char_traits<char>, std::allocator<char> >::basic_string(std::string&&)
 .text._ZNKSs5beginEv
                0x0002c350        0x8 c:/altera/13.1/nios2eds/bin/gnu/h-i686-mingw32/bin/../lib/gcc/nios2-elf/4.7.3/../../../../../H-i686-mingw32/nios2-elf/lib\libstdc++.a(string-inst.o)
                0x0002c350                std::string::begin() const
 .text._ZNKSs3endEv
                0x0002c358       0x10 c:/altera/13.1/nios2eds/bin/gnu/h-i686-mingw32/bin/../lib/gcc/nios2-elf/4.7.3/../../../../../H-i686-mingw32/nios2-elf/lib\libstdc++.a(string-inst.o)
                0x0002c358                std::string::end() const
 .text._ZNKSs6rbeginEv
                0x0002c368       0x18 c:/altera/13.1/nios2eds/bin/gnu/h-i686-mingw32/bin/../lib/gcc/nios2-elf/4.7.3/../../../../../H-i686-mingw32/nios2-elf/lib\libstdc++.a(string-inst.o)
                0x0002c368                std::string::rbegin() const
 .text._ZNKSs4rendEv